stm32l4xx_ll_adc.h:2440:22:LL_ADC_SetCommonClock	16	static
stm32l4xx_ll_adc.h:3169:22:LL_ADC_REG_SetTriggerSource	16	static
stm32l4xx_ll_adc.h:3329:22:LL_ADC_REG_SetSequencerLength	16	static
stm32l4xx_ll_adc.h:3895:22:LL_ADC_INJ_SetTriggerSource	16	static
stm32l4xx_ll_adc.h:4323:22:LL_ADC_INJ_SetQueueMode	16	static
stm32l4xx_ll_adc.h:6014:22:LL_ADC_Disable	16	static
stm32l4xx_ll_adc.h:6033:26:LL_ADC_IsEnabled	16	static
stm32l4xx_ll_adc.h:6044:26:LL_ADC_IsDisableOngoing	16	static
stm32l4xx_ll_adc.h:6139:22:LL_ADC_REG_StopConversion	16	static
stm32l4xx_ll_adc.h:6155:26:LL_ADC_REG_IsConversionOngoing	16	static
stm32l4xx_ll_adc.h:6166:26:LL_ADC_REG_IsStopConversionOngoing	16	static
stm32l4xx_ll_adc.h:6322:22:LL_ADC_INJ_StopConversion	16	static
stm32l4xx_ll_adc.h:6338:26:LL_ADC_INJ_IsConversionOngoing	16	static
stm32l4xx_ll_adc.h:6349:26:LL_ADC_INJ_IsStopConversionOngoing	16	static
stm32l4xx_ll_bus.h:708:22:LL_AHB2_GRP1_ForceReset	16	static
stm32l4xx_ll_bus.h:755:22:LL_AHB2_GRP1_ReleaseReset	16	static
stm32l4xx_ll_adc.c:310:13:LL_ADC_CommonDeInit	16	static
stm32l4xx_ll_adc.c:339:13:LL_ADC_CommonInit	24	static
stm32l4xx_ll_adc.c:421:6:LL_ADC_CommonStructInit	16	static
stm32l4xx_ll_adc.c:454:13:LL_ADC_DeInit	32	static
stm32l4xx_ll_adc.c:729:13:LL_ADC_Init	24	static
stm32l4xx_ll_adc.c:774:6:LL_ADC_StructInit	16	static
stm32l4xx_ll_adc.c:816:13:LL_ADC_REG_Init	24	static
stm32l4xx_ll_adc.c:903:6:LL_ADC_REG_StructInit	16	static
stm32l4xx_ll_adc.c:949:13:LL_ADC_INJ_Init	24	static
stm32l4xx_ll_adc.c:1020:6:LL_ADC_INJ_StructInit	16	static
