stm32l4xx_hal_uart.c:309:19:HAL_UART_Init	16	static
stm32l4xx_hal_uart.c:382:19:HAL_HalfDuplex_Init	16	static
stm32l4xx_hal_uart.c:455:19:HAL_LIN_Init	16	static
stm32l4xx_hal_uart.c:552:19:HAL_MultiProcessor_Init	24	static
stm32l4xx_hal_uart.c:626:19:HAL_UART_DeInit	16	static
stm32l4xx_hal_uart.c:671:13:HAL_UART_MspInit	16	static
stm32l4xx_hal_uart.c:686:13:HAL_UART_MspDeInit	16	static
stm32l4xx_hal_uart.c:1049:19:HAL_UART_Transmit	48	static
stm32l4xx_hal_uart.c:1138:19:HAL_UART_Receive	48	static
stm32l4xx_hal_uart.c:1223:19:HAL_UART_Transmit_IT	24	static
stm32l4xx_hal_uart.c:1314:19:HAL_UART_Receive_IT	24	static
stm32l4xx_hal_uart.c:1412:19:HAL_UART_Transmit_DMA	24	static
stm32l4xx_hal_uart.c:1488:19:HAL_UART_Receive_DMA	24	static
stm32l4xx_hal_uart.c:1559:19:HAL_UART_DMAPause	24	static
stm32l4xx_hal_uart.c:1593:19:HAL_UART_DMAResume	16	static
stm32l4xx_hal_uart.c:1625:19:HAL_UART_DMAStop	24	static
stm32l4xx_hal_uart.c:1700:19:HAL_UART_Abort	16	static
stm32l4xx_hal_uart.c:1801:19:HAL_UART_AbortTransmit	16	static
stm32l4xx_hal_uart.c:1866:19:HAL_UART_AbortReceive	16	static
stm32l4xx_hal_uart.c:1932:19:HAL_UART_Abort_IT	24	static
stm32l4xx_hal_uart.c:2083:19:HAL_UART_AbortTransmit_IT	16	static
stm32l4xx_hal_uart.c:2179:19:HAL_UART_AbortReceive_IT	16	static
stm32l4xx_hal_uart.c:2268:6:HAL_UART_IRQHandler	40	static
stm32l4xx_hal_uart.c:2529:13:HAL_UART_TxCpltCallback	16	static
stm32l4xx_hal_uart.c:2544:13:HAL_UART_TxHalfCpltCallback	16	static
stm32l4xx_hal_uart.c:2559:13:HAL_UART_RxCpltCallback	16	static
stm32l4xx_hal_uart.c:2574:13:HAL_UART_RxHalfCpltCallback	16	static
stm32l4xx_hal_uart.c:2589:13:HAL_UART_ErrorCallback	16	static
stm32l4xx_hal_uart.c:2604:13:HAL_UART_AbortCpltCallback	16	static
stm32l4xx_hal_uart.c:2619:13:HAL_UART_AbortTransmitCpltCallback	16	static
stm32l4xx_hal_uart.c:2634:13:HAL_UART_AbortReceiveCpltCallback	16	static
stm32l4xx_hal_uart.c:2681:6:HAL_UART_ReceiverTimeout_Config	16	static
stm32l4xx_hal_uart.c:2696:19:HAL_UART_EnableReceiverTimeout	16	static
stm32l4xx_hal_uart.c:2734:19:HAL_UART_DisableReceiverTimeout	16	static
stm32l4xx_hal_uart.c:2772:19:HAL_MultiProcessor_EnableMuteMode	16	static
stm32l4xx_hal_uart.c:2792:19:HAL_MultiProcessor_DisableMuteMode	16	static
stm32l4xx_hal_uart.c:2812:6:HAL_MultiProcessor_EnterMuteMode	16	static
stm32l4xx_hal_uart.c:2822:19:HAL_HalfDuplex_EnableTransmitter	16	static
stm32l4xx_hal_uart.c:2845:19:HAL_HalfDuplex_EnableReceiver	16	static
stm32l4xx_hal_uart.c:2869:19:HAL_LIN_SendBreak	16	static
stm32l4xx_hal_uart.c:2914:23:HAL_UART_GetState	24	static
stm32l4xx_hal_uart.c:2930:10:HAL_UART_GetError	16	static
stm32l4xx_hal_uart.c:2977:19:UART_SetConfig	56	static
stm32l4xx_hal_uart.c:3285:6:UART_AdvFeatureConfig	16	static
stm32l4xx_hal_uart.c:3359:19:UART_CheckIdleState	32	static
stm32l4xx_hal_uart.c:3409:19:UART_WaitOnFlagUntilTimeout	24	static
stm32l4xx_hal_uart.c:3472:13:UART_EndTxTransfer	16	static
stm32l4xx_hal_uart.c:3493:13:UART_EndRxTransfer	16	static
stm32l4xx_hal_uart.c:3517:13:UART_DMATransmitCplt	24	static
stm32l4xx_hal_uart.c:3551:13:UART_DMATxHalfCplt	24	static
stm32l4xx_hal_uart.c:3569:13:UART_DMAReceiveCplt	24	static
stm32l4xx_hal_uart.c:3604:13:UART_DMARxHalfCplt	24	static
stm32l4xx_hal_uart.c:3622:13:UART_DMAError	32	static
stm32l4xx_hal_uart.c:3662:13:UART_DMAAbortOnError	24	static
stm32l4xx_hal_uart.c:3685:13:UART_DMATxAbortCallback	24	static
stm32l4xx_hal_uart.c:3741:13:UART_DMARxAbortCallback	24	static
stm32l4xx_hal_uart.c:3792:13:UART_DMATxOnlyAbortCallback	24	static
stm32l4xx_hal_uart.c:3827:13:UART_DMARxOnlyAbortCallback	24	static
stm32l4xx_hal_uart.c:3859:13:UART_TxISR_8BIT	16	static
stm32l4xx_hal_uart.c:3892:13:UART_TxISR_16BIT	24	static
stm32l4xx_hal_uart.c:4011:13:UART_EndTransmit_IT	16	static
stm32l4xx_hal_uart.c:4036:13:UART_RxISR_8BIT	24	static
stm32l4xx_hal_uart.c:4090:13:UART_RxISR_16BIT	24	static
