Archive member included to satisfy reference by file (symbol)

c:/st/stm32cubeide_1.2.0/stm32cubeide/plugins/com.st.stm32cube.ide.mcu.externaltools.gnu-tools-for-stm32.7-2018-q2-update.win32_1.0.0.201904181610/tools/bin/../lib/gcc/arm-none-eabi/7.3.1/../../../../arm-none-eabi/lib/thumb/v7e-m/fpv4-sp/hard\libc_nano.a(lib_a-errno.o)
                              Core/Src/syscalls.o (__errno)
c:/st/stm32cubeide_1.2.0/stm32cubeide/plugins/com.st.stm32cube.ide.mcu.externaltools.gnu-tools-for-stm32.7-2018-q2-update.win32_1.0.0.201904181610/tools/bin/../lib/gcc/arm-none-eabi/7.3.1/../../../../arm-none-eabi/lib/thumb/v7e-m/fpv4-sp/hard\libc_nano.a(lib_a-exit.o)
                              c:/st/stm32cubeide_1.2.0/stm32cubeide/plugins/com.st.stm32cube.ide.mcu.externaltools.gnu-tools-for-stm32.7-2018-q2-update.win32_1.0.0.201904181610/tools/bin/../lib/gcc/arm-none-eabi/7.3.1/../../../../arm-none-eabi/lib/thumb/v7e-m/fpv4-sp/hard/crt0.o (exit)
c:/st/stm32cubeide_1.2.0/stm32cubeide/plugins/com.st.stm32cube.ide.mcu.externaltools.gnu-tools-for-stm32.7-2018-q2-update.win32_1.0.0.201904181610/tools/bin/../lib/gcc/arm-none-eabi/7.3.1/../../../../arm-none-eabi/lib/thumb/v7e-m/fpv4-sp/hard\libc_nano.a(lib_a-impure.o)
                              c:/st/stm32cubeide_1.2.0/stm32cubeide/plugins/com.st.stm32cube.ide.mcu.externaltools.gnu-tools-for-stm32.7-2018-q2-update.win32_1.0.0.201904181610/tools/bin/../lib/gcc/arm-none-eabi/7.3.1/../../../../arm-none-eabi/lib/thumb/v7e-m/fpv4-sp/hard\libc_nano.a(lib_a-exit.o) (_global_impure_ptr)
c:/st/stm32cubeide_1.2.0/stm32cubeide/plugins/com.st.stm32cube.ide.mcu.externaltools.gnu-tools-for-stm32.7-2018-q2-update.win32_1.0.0.201904181610/tools/bin/../lib/gcc/arm-none-eabi/7.3.1/../../../../arm-none-eabi/lib/thumb/v7e-m/fpv4-sp/hard\libc_nano.a(lib_a-init.o)
                              c:/st/stm32cubeide_1.2.0/stm32cubeide/plugins/com.st.stm32cube.ide.mcu.externaltools.gnu-tools-for-stm32.7-2018-q2-update.win32_1.0.0.201904181610/tools/bin/../lib/gcc/arm-none-eabi/7.3.1/../../../../arm-none-eabi/lib/thumb/v7e-m/fpv4-sp/hard/crt0.o (__libc_init_array)
c:/st/stm32cubeide_1.2.0/stm32cubeide/plugins/com.st.stm32cube.ide.mcu.externaltools.gnu-tools-for-stm32.7-2018-q2-update.win32_1.0.0.201904181610/tools/bin/../lib/gcc/arm-none-eabi/7.3.1/../../../../arm-none-eabi/lib/thumb/v7e-m/fpv4-sp/hard\libc_nano.a(lib_a-malloc.o)
                              Core/Src/main.o (malloc)
c:/st/stm32cubeide_1.2.0/stm32cubeide/plugins/com.st.stm32cube.ide.mcu.externaltools.gnu-tools-for-stm32.7-2018-q2-update.win32_1.0.0.201904181610/tools/bin/../lib/gcc/arm-none-eabi/7.3.1/../../../../arm-none-eabi/lib/thumb/v7e-m/fpv4-sp/hard\libc_nano.a(lib_a-memset.o)
                              c:/st/stm32cubeide_1.2.0/stm32cubeide/plugins/com.st.stm32cube.ide.mcu.externaltools.gnu-tools-for-stm32.7-2018-q2-update.win32_1.0.0.201904181610/tools/bin/../lib/gcc/arm-none-eabi/7.3.1/../../../../arm-none-eabi/lib/thumb/v7e-m/fpv4-sp/hard/crt0.o (memset)
c:/st/stm32cubeide_1.2.0/stm32cubeide/plugins/com.st.stm32cube.ide.mcu.externaltools.gnu-tools-for-stm32.7-2018-q2-update.win32_1.0.0.201904181610/tools/bin/../lib/gcc/arm-none-eabi/7.3.1/../../../../arm-none-eabi/lib/thumb/v7e-m/fpv4-sp/hard\libc_nano.a(lib_a-nano-freer.o)
                              c:/st/stm32cubeide_1.2.0/stm32cubeide/plugins/com.st.stm32cube.ide.mcu.externaltools.gnu-tools-for-stm32.7-2018-q2-update.win32_1.0.0.201904181610/tools/bin/../lib/gcc/arm-none-eabi/7.3.1/../../../../arm-none-eabi/lib/thumb/v7e-m/fpv4-sp/hard\libc_nano.a(lib_a-malloc.o) (_free_r)
c:/st/stm32cubeide_1.2.0/stm32cubeide/plugins/com.st.stm32cube.ide.mcu.externaltools.gnu-tools-for-stm32.7-2018-q2-update.win32_1.0.0.201904181610/tools/bin/../lib/gcc/arm-none-eabi/7.3.1/../../../../arm-none-eabi/lib/thumb/v7e-m/fpv4-sp/hard\libc_nano.a(lib_a-nano-mallocr.o)
                              c:/st/stm32cubeide_1.2.0/stm32cubeide/plugins/com.st.stm32cube.ide.mcu.externaltools.gnu-tools-for-stm32.7-2018-q2-update.win32_1.0.0.201904181610/tools/bin/../lib/gcc/arm-none-eabi/7.3.1/../../../../arm-none-eabi/lib/thumb/v7e-m/fpv4-sp/hard\libc_nano.a(lib_a-malloc.o) (_malloc_r)
c:/st/stm32cubeide_1.2.0/stm32cubeide/plugins/com.st.stm32cube.ide.mcu.externaltools.gnu-tools-for-stm32.7-2018-q2-update.win32_1.0.0.201904181610/tools/bin/../lib/gcc/arm-none-eabi/7.3.1/../../../../arm-none-eabi/lib/thumb/v7e-m/fpv4-sp/hard\libc_nano.a(lib_a-printf.o)
                              Core/Src/main.o (printf)
c:/st/stm32cubeide_1.2.0/stm32cubeide/plugins/com.st.stm32cube.ide.mcu.externaltools.gnu-tools-for-stm32.7-2018-q2-update.win32_1.0.0.201904181610/tools/bin/../lib/gcc/arm-none-eabi/7.3.1/../../../../arm-none-eabi/lib/thumb/v7e-m/fpv4-sp/hard\libc_nano.a(lib_a-realloc.o)
                              Core/Src/stm32l4xx_it.o (realloc)
[...]
Memory Configuration

Name             Origin             Length             Attributes
RAM              0x0000000020000000 0x0000000000010000 xrw
FLASH            0x0000000008000000 0x0000000000040000 xr
*default*        0x0000000000000000 0xffffffffffffffff

Linker script and memory map

LOAD c:/st/stm32cubeide_1.2.0/stm32cubeide/plugins/com.st.stm32cube.ide.mcu.externaltools.gnu-tools-for-stm32.7-2018-q2-update.win32_1.0.0.201904181610/tools/bin/../lib/gcc/arm-none-eabi/7.3.1/thumb/v7e-m/fpv4-sp/hard/crti.o
LOAD c:/st/stm32cubeide_1.2.0/stm32cubeide/plugins/com.st.stm32cube.ide.mcu.externaltools.gnu-tools-for-stm32.7-2018-q2-update.win32_1.0.0.201904181610/tools/bin/../lib/gcc/arm-none-eabi/7.3.1/thumb/v7e-m/fpv4-sp/hard/crtbegin.o
LOAD c:/st/stm32cubeide_1.2.0/stm32cubeide/plugins/com.st.stm32cube.ide.mcu.externaltools.gnu-tools-for-stm32.7-2018-q2-update.win32_1.0.0.201904181610/tools/bin/../lib/gcc/arm-none-eabi/7.3.1/../../../../arm-none-eabi/lib/thumb/v7e-m/fpv4-sp/hard/crt0.o
LOAD Core/Src/main.o
LOAD Core/Src/stm32l4xx_hal_msp.o
LOAD Core/Src/stm32l4xx_it.o
LOAD Core/Src/syscalls.o
LOAD Core/Src/sysmem.o
LOAD Core/Src/system_stm32l4xx.o
LOAD Core/Startup/startup_stm32l433ccux.o
LOAD Drivers/STM32L4xx_HAL_Driver/Src/stm32l4xx_hal.o
LOAD Drivers/STM32L4xx_HAL_Driver/Src/stm32l4xx_hal_cortex.o
LOAD Drivers/STM32L4xx_HAL_Driver/Src/stm32l4xx_hal_dma.o
LOAD Drivers/STM32L4xx_HAL_Driver/Src/stm32l4xx_hal_dma_ex.o
LOAD Drivers/STM32L4xx_HAL_Driver/Src/stm32l4xx_hal_exti.o
LOAD Drivers/STM32L4xx_HAL_Driver/Src/stm32l4xx_hal_flash.o
LOAD Drivers/STM32L4xx_HAL_Driver/Src/stm32l4xx_hal_flash_ex.o
LOAD Drivers/STM32L4xx_HAL_Driver/Src/stm32l4xx_hal_flash_ramfunc.o
LOAD Drivers/STM32L4xx_HAL_Driver/Src/stm32l4xx_hal_gpio.o
LOAD Drivers/STM32L4xx_HAL_Driver/Src/stm32l4xx_hal_i2c.o
LOAD Drivers/STM32L4xx_HAL_Driver/Src/stm32l4xx_hal_i2c_ex.o
LOAD Drivers/STM32L4xx_HAL_Driver/Src/stm32l4xx_hal_pwr.o
LOAD Drivers/STM32L4xx_HAL_Driver/Src/stm32l4xx_hal_pwr_ex.o
LOAD Drivers/STM32L4xx_HAL_Driver/Src/stm32l4xx_hal_rcc.o
LOAD Drivers/STM32L4xx_HAL_Driver/Src/stm32l4xx_hal_rcc_ex.o
LOAD Drivers/STM32L4xx_HAL_Driver/Src/stm32l4xx_hal_tim.o
LOAD Drivers/STM32L4xx_HAL_Driver/Src/stm32l4xx_hal_tim_ex.o
LOAD Drivers/STM32L4xx_HAL_Driver/Src/stm32l4xx_hal_uart.o
LOAD Drivers/STM32L4xx_HAL_Driver/Src/stm32l4xx_hal_uart_ex.o
LOAD Drivers/STM32L4xx_HAL_Driver/Src/stm32l4xx_ll_adc.o
LOAD Drivers/STM32L4xx_HAL_Driver/Src/stm32l4xx_ll_dma.o
LOAD Drivers/STM32L4xx_HAL_Driver/Src/stm32l4xx_ll_exti.o
LOAD Drivers/STM32L4xx_HAL_Driver/Src/stm32l4xx_ll_gpio.o
LOAD Drivers/STM32L4xx_HAL_Driver/Src/stm32l4xx_ll_spi.o
LOAD Drivers/STM32L4xx_HAL_Driver/Src/stm32l4xx_ll_tim.o
LOAD Drivers/STM32L4xx_HAL_Driver/Src/stm32l4xx_ll_utils.o
START GROUP
LOAD c:/st/stm32cubeide_1.2.0/stm32cubeide/plugins/com.st.stm32cube.ide.mcu.externaltools.gnu-tools-for-stm32.7-2018-q2-update.win32_1.0.0.201904181610/tools/bin/../lib/gcc/arm-none-eabi/7.3.1/../../../../arm-none-eabi/lib/thumb/v7e-m/fpv4-sp/hard\libc_nano.a
LOAD c:/st/stm32cubeide_1.2.0/stm32cubeide/plugins/com.st.stm32cube.ide.mcu.externaltools.gnu-tools-for-stm32.7-2018-q2-update.win32_1.0.0.201904181610/tools/bin/../lib/gcc/arm-none-eabi/7.3.1/../../../../arm-none-eabi/lib/thumb/v7e-m/fpv4-sp/hard\libm.a
END GROUP
START GROUP
LOAD c:/st/stm32cubeide_1.2.0/stm32cubeide/plugins/com.st.stm32cube.ide.mcu.externaltools.gnu-tools-for-stm32.7-2018-q2-update.win32_1.0.0.201904181610/tools/bin/../lib/gcc/arm-none-eabi/7.3.1/thumb/v7e-m/fpv4-sp/hard\libgcc.a
LOAD c:/st/stm32cubeide_1.2.0/stm32cubeide/plugins/com.st.stm32cube.ide.mcu.externaltools.gnu-tools-for-stm32.7-2018-q2-update.win32_1.0.0.201904181610/tools/bin/../lib/gcc/arm-none-eabi/7.3.1/../../../../arm-none-eabi/lib/thumb/v7e-m/fpv4-sp/hard\libc_nano.a
END GROUP
START GROUP
LOAD c:/st/stm32cubeide_1.2.0/stm32cubeide/plugins/com.st.stm32cube.ide.mcu.externaltools.gnu-tools-for-stm32.7-2018-q2-update.win32_1.0.0.201904181610/tools/bin/../lib/gcc/arm-none-eabi/7.3.1/thumb/v7e-m/fpv4-sp/hard\libgcc.a
LOAD c:/st/stm32cubeide_1.2.0/stm32cubeide/plugins/com.st.stm32cube.ide.mcu.externaltools.gnu-tools-for-stm32.7-2018-q2-update.win32_1.0.0.201904181610/tools/bin/../lib/gcc/arm-none-eabi/7.3.1/../../../../arm-none-eabi/lib/thumb/v7e-m/fpv4-sp/hard\libc_nano.a
LOAD c:/st/stm32cubeide_1.2.0/stm32cubeide/plugins/com.st.stm32cube.ide.mcu.externaltools.gnu-tools-for-stm32.7-2018-q2-update.win32_1.0.0.201904181610/tools/bin/../lib/gcc/arm-none-eabi/7.3.1/../../../../arm-none-eabi/lib/thumb/v7e-m/fpv4-sp/hard\libnosys.a
END GROUP
START GROUP
LOAD c:/st/stm32cubeide_1.2.0/stm32cubeide/plugins/com.st.stm32cube.ide.mcu.externaltools.gnu-tools-for-stm32.7-2018-q2-update.win32_1.0.0.201904181610/tools/bin/../lib/gcc/arm-none-eabi/7.3.1/thumb/v7e-m/fpv4-sp/hard\libgcc.a
LOAD c:/st/stm32cubeide_1.2.0/stm32cubeide/plugins/com.st.stm32cube.ide.mcu.externaltools.gnu-tools-for-stm32.7-2018-q2-update.win32_1.0.0.201904181610/tools/bin/../lib/gcc/arm-none-eabi/7.3.1/../../../../arm-none-eabi/lib/thumb/v7e-m/fpv4-sp/hard\libc_nano.a
LOAD c:/st/stm32cubeide_1.2.0/stm32cubeide/plugins/com.st.stm32cube.ide.mcu.externaltools.gnu-tools-for-stm32.7-2018-q2-update.win32_1.0.0.201904181610/tools/bin/../lib/gcc/arm-none-eabi/7.3.1/../../../../arm-none-eabi/lib/thumb/v7e-m/fpv4-sp/hard\libnosys.a
END GROUP
LOAD c:/st/stm32cubeide_1.2.0/stm32cubeide/plugins/com.st.stm32cube.ide.mcu.externaltools.gnu-tools-for-stm32.7-2018-q2-update.win32_1.0.0.201904181610/tools/bin/../lib/gcc/arm-none-eabi/7.3.1/thumb/v7e-m/fpv4-sp/hard/crtend.o
LOAD c:/st/stm32cubeide_1.2.0/stm32cubeide/plugins/com.st.stm32cube.ide.mcu.externaltools.gnu-tools-for-stm32.7-2018-q2-update.win32_1.0.0.201904181610/tools/bin/../lib/gcc/arm-none-eabi/7.3.1/thumb/v7e-m/fpv4-sp/hard/crtn.o
                0x0000000020010000                _estack = (ORIGIN (RAM) + LENGTH (RAM))
                0x0000000000000200                _Min_Heap_Size = 0x200
                0x0000000000000400                _Min_Stack_Size = 0x400

.isr_vector     0x0000000008000000      0x18c
                0x0000000008000000                . = ALIGN (0x4)
 *(.isr_vector)
 .isr_vector    0x0000000008000000      0x18c Core/Startup/startup_stm32l433ccux.o
                0x0000000008000000                g_pfnVectors
                0x000000000800018c                . = ALIGN (0x4)

.text           0x0000000008000190     0x4230
                0x0000000008000190                . = ALIGN (0x4)
 *(.text)
 .text          0x0000000008000190       0x40 c:/st/stm32cubeide_1.2.0/stm32cubeide/plugins/com.st.stm32cube.ide.mcu.externaltools.gnu-tools-for-stm32.7-2018-q2-update.win32_1.0.0.201904181610/tools/bin/../lib/gcc/arm-none-eabi/7.3.1/thumb/v7e-m/fpv4-sp/hard/crtbegin.o
 .text          0x00000000080001d0       0xa0 c:/st/stm32cubeide_1.2.0/stm32cubeide/plugins/com.st.stm32cube.ide.mcu.externaltools.gnu-tools-for-stm32.7-2018-q2-update.win32_1.0.0.201904181610/tools/bin/../lib/gcc/arm-none-eabi/7.3.1/../../../../arm-none-eabi/lib/thumb/v7e-m/fpv4-sp/hard\libc_nano.a(lib_a-memchr.o)
                0x00000000080001d0                memchr
 .text          0x0000000008000270       0x30 c:/st/stm32cubeide_1.2.0/stm32cubeide/plugins/com.st.stm32cube.ide.mcu.externaltools.gnu-tools-for-stm32.7-2018-q2-update.win32_1.0.0.201904181610/tools/bin/../lib/gcc/arm-none-eabi/7.3.1/thumb/v7e-m/fpv4-sp/hard\libgcc.a(_aeabi_uldivmod.o)
                0x0000000008000270                __aeabi_uldivmod
 .text          0x00000000080002a0      0x2cc c:/st/stm32cubeide_1.2.0/stm32cubeide/plugins/com.st.stm32cube.ide.mcu.externaltools.gnu-tools-for-stm32.7-2018-q2-update.win32_1.0.0.201904181610/tools/bin/../lib/gcc/arm-none-eabi/7.3.1/thumb/v7e-m/fpv4-sp/hard\libgcc.a(_udivmoddi4.o)
                0x00000000080002a0                __udivmoddi4
 .text          0x000000000800056c        0x4 c:/st/stm32cubeide_1.2.0/stm32cubeide/plugins/com.st.stm32cube.ide.mcu.externaltools.gnu-tools-for-stm32.7-2018-q2-update.win32_1.0.0.201904181610/tools/bin/../lib/gcc/arm-none-eabi/7.3.1/thumb/v7e-m/fpv4-sp/hard\libgcc.a(_dvmd_tls.o)
                0x000000000800056c                __aeabi_idiv0
                0x000000000800056c                __aeabi_ldiv0
 *(.text*)
 .text.__NVIC_GetPriorityGrouping
                0x0000000008000570       0x1c Core/Src/main.o
 .text.__NVIC_EnableIRQ
                0x000000000800058c       0x3c Core/Src/main.o
 .text.__NVIC_SetPriority
                0x00000000080005c8       0x54 Core/Src/main.o
 .text.NVIC_EncodePriority
                0x000000000800061c       0x66 Core/Src/main.o
 .text.LL_ADC_SetCommonPathInternalCh
                0x0000000008000682       0x26 Core/Src/main.o
 .text.LL_ADC_REG_SetSequencerRanks
                0x00000000080006a8       0x52 Core/Src/main.o
 .text.LL_ADC_SetChannelSamplingTime
                0x00000000080006fa       0x50 Core/Src/main.o
 *fill*         0x000000000800074a        0x2 
 .text.LL_ADC_SetChannelSingleDiff
                0x000000000800074c       0x48 Core/Src/main.o
 .text.LL_ADC_DisableDeepPowerDown
                0x0000000008000794       0x24 Core/Src/main.o
 .text.LL_ADC_EnableInternalRegulator
                0x00000000080007b8       0x28 Core/Src/main.o
 .text.LL_ADC_DisableIT_EOC
                0x00000000080007e0       0x20 Core/Src/main.o
 .text.LL_ADC_DisableIT_EOS
                0x0000000008000800       0x20 Core/Src/main.o
 .text.LL_RCC_HSI_Enable
                0x0000000008000820       0x20 Core/Src/main.o
 .text.LL_RCC_HSI_IsReady
                0x0000000008000840       0x28 Core/Src/main.o
 .text.LL_RCC_HSI_SetCalibTrimming
                0x0000000008000868       0x2c Core/Src/main.o
 .text.LL_RCC_SetSysClkSource
                0x0000000008000894       0x28 Core/Src/main.o
 .text.LL_RCC_GetSysClkSource
                0x00000000080008bc       0x1c Core/Src/main.o
 .text.LL_RCC_SetAHBPrescaler
                0x00000000080008d8       0x28 Core/Src/main.o
 .text.LL_RCC_SetAPB1Prescaler
                0x0000000008000900       0x28 Core/Src/main.o
 .text.LL_RCC_SetAPB2Prescaler
                0x0000000008000928       0x28 Core/Src/main.o
 .text.LL_RCC_SetUSARTClockSource
                0x0000000008000950       0x34 Core/Src/main.o
 .text.LL_RCC_SetADCClockSource
                0x0000000008000984       0x2c Core/Src/main.o
 .text.LL_RCC_PLL_Enable
                0x00000000080009b0       0x20 Core/Src/main.o
 .text.LL_RCC_PLL_IsReady
                0x00000000080009d0       0x28 Core/Src/main.o
 .text.LL_RCC_PLL_ConfigDomain_SYS
                0x00000000080009f8       0x40 Core/Src/main.o
 .text.LL_RCC_PLL_EnableDomain_SYS
                0x0000000008000a38       0x20 Core/Src/main.o
 .text.LL_AHB2_GRP1_EnableClock
                0x0000000008000a58       0x30 Core/Src/main.o
 .text.LL_APB1_GRP1_EnableClock
                0x0000000008000a88       0x30 Core/Src/main.o
 .text.LL_APB2_GRP1_EnableClock
                0x0000000008000ab8       0x30 Core/Src/main.o
 .text.LL_FLASH_SetLatency
                0x0000000008000ae8       0x28 Core/Src/main.o
 .text.LL_FLASH_GetLatency
                0x0000000008000b10       0x1c Core/Src/main.o
 .text.LL_PWR_SetRegulVoltageScaling
                0x0000000008000b2c       0x28 Core/Src/main.o
 .text.LL_SPI_SetStandard
                0x0000000008000b54       0x26 Core/Src/main.o
 .text.LL_SPI_EnableNSSPulseMgt
                0x0000000008000b7a       0x20 Core/Src/main.o
 .text.LL_TIM_EnableCounter
                0x0000000008000b9a       0x20 Core/Src/main.o
 .text.LL_TIM_DisableARRPreload
                0x0000000008000bba       0x20 Core/Src/main.o
 *fill*         0x0000000008000bda        0x2 
 .text.LL_TIM_IC_SetActiveInput
                0x0000000008000bdc       0xac Core/Src/main.o
 .text.LL_TIM_IC_SetPrescaler
                0x0000000008000c88       0xac Core/Src/main.o
 .text.LL_TIM_IC_SetFilter
                0x0000000008000d34       0xac Core/Src/main.o
 .text.LL_TIM_IC_SetPolarity
                0x0000000008000de0       0x9c Core/Src/main.o
 .text.LL_TIM_SetClockSource
                0x0000000008000e7c       0x2a Core/Src/main.o
 .text.LL_TIM_SetTriggerOutput
                0x0000000008000ea6       0x26 Core/Src/main.o
 .text.LL_TIM_DisableMasterSlaveMode
                0x0000000008000ecc       0x20 Core/Src/main.o
 .text.LL_GPIO_ResetOutputPin
                0x0000000008000eec       0x1c Core/Src/main.o
 .text.__io_putchar
                0x0000000008000f08       0x2c Core/Src/main.o
                0x0000000008000f08                __io_putchar
 .text._write   0x0000000008000f34       0x38 Core/Src/main.o
                0x0000000008000f34                _write
 .text.main     0x0000000008000f6c       0x58 Core/Src/main.o
                0x0000000008000f6c                main
 .text.SystemClock_Config
                0x0000000008000fc4       0xac Core/Src/main.o
                0x0000000008000fc4                SystemClock_Config
 .text.MX_NVIC_Init
                0x0000000008001070       0x38 Core/Src/main.o
 .text.MX_ADC1_Init
                0x00000000080010a8       0xcc Core/Src/main.o
 .text.MX_SPI1_Init
                0x0000000008001174       0xac Core/Src/main.o
 .text.MX_TIM2_Init
                0x0000000008001220       0xd6 Core/Src/main.o
 *fill*         0x00000000080012f6        0x2 
 .text.MX_USART2_UART_Init
                0x00000000080012f8       0x60 Core/Src/main.o
 .text.MX_GPIO_Init
                0x0000000008001358       0xac Core/Src/main.o
 .text.Error_Handler
                0x0000000008001404        0xe Core/Src/main.o
                0x0000000008001404                Error_Handler
 *fill*         0x0000000008001412        0x2 
 .text.HAL_MspInit
                0x0000000008001414       0x48 Core/Src/stm32l4xx_hal_msp.o
                0x0000000008001414                HAL_MspInit
 .text.HAL_UART_MspInit
                0x000000000800145c       0x84 Core/Src/stm32l4xx_hal_msp.o
                0x000000000800145c                HAL_UART_MspInit
 .text.LL_TIM_IC_GetCaptureCH1
                0x00000000080014e0       0x18 Core/Src/stm32l4xx_it.o
 .text.LL_GPIO_IsInputPinSet
                0x00000000080014f8       0x2a Core/Src/stm32l4xx_it.o
 .text.NMI_Handler
                0x0000000008001522        0xe Core/Src/stm32l4xx_it.o
                0x0000000008001522                NMI_Handler
 .text.HardFault_Handler
                0x0000000008001530        0x6 Core/Src/stm32l4xx_it.o
                0x0000000008001530                HardFault_Handler
 .text.MemManage_Handler
                0x0000000008001536        0x6 Core/Src/stm32l4xx_it.o
                0x0000000008001536                MemManage_Handler
 .text.BusFault_Handler
                0x000000000800153c        0x6 Core/Src/stm32l4xx_it.o
                0x000000000800153c                BusFault_Handler
 .text.UsageFault_Handler
                0x0000000008001542        0x6 Core/Src/stm32l4xx_it.o
                0x0000000008001542                UsageFault_Handler
 .text.SVC_Handler
                0x0000000008001548        0xe Core/Src/stm32l4xx_it.o
                0x0000000008001548                SVC_Handler
 .text.DebugMon_Handler
                0x0000000008001556        0xe Core/Src/stm32l4xx_it.o
                0x0000000008001556                DebugMon_Handler
 .text.PendSV_Handler
                0x0000000008001564        0xe Core/Src/stm32l4xx_it.o
                0x0000000008001564                PendSV_Handler
 .text.SysTick_Handler
                0x0000000008001572        0xc Core/Src/stm32l4xx_it.o
                0x0000000008001572                SysTick_Handler
 *fill*         0x000000000800157e        0x2 
 .text.TIM2_IRQHandler
                0x0000000008001580       0xec Core/Src/stm32l4xx_it.o
                0x0000000008001580                TIM2_IRQHandler
 .text.USART2_IRQHandler
                0x000000000800166c       0x14 Core/Src/stm32l4xx_it.o
                0x000000000800166c                USART2_IRQHandler
 .text._read    0x0000000008001680       0x3a Core/Src/syscalls.o
                0x0000000008001680                _read
 .text._close   0x00000000080016ba       0x18 Core/Src/syscalls.o
                0x00000000080016ba                _close
 .text._fstat   0x00000000080016d2       0x20 Core/Src/syscalls.o
                0x00000000080016d2                _fstat
 .text._isatty  0x00000000080016f2       0x16 Core/Src/syscalls.o
                0x00000000080016f2                _isatty
 .text._lseek   0x0000000008001708       0x1a Core/Src/syscalls.o
                0x0000000008001708                _lseek
 *fill*         0x0000000008001722        0x2 
 .text._sbrk    0x0000000008001724       0x58 Core/Src/sysmem.o
                0x0000000008001724                _sbrk
 .text.SystemInit
                0x000000000800177c       0x6c Core/Src/system_stm32l4xx.o
                0x000000000800177c                SystemInit
 .text.Reset_Handler
                0x00000000080017e8       0x50 Core/Startup/startup_stm32l433ccux.o
                0x00000000080017e8                Reset_Handler
 .text.Default_Handler
                0x0000000008001838        0x2 Core/Startup/startup_stm32l433ccux.o
                0x0000000008001838                RTC_Alarm_IRQHandler
                0x0000000008001838                EXTI2_IRQHandler
                0x0000000008001838                TIM1_CC_IRQHandler
                0x0000000008001838                TSC_IRQHandler
                0x0000000008001838                TAMP_STAMP_IRQHandler
                0x0000000008001838                EXTI3_IRQHandler
                0x0000000008001838                LPTIM2_IRQHandler
                0x0000000008001838                I2C3_ER_IRQHandler
                0x0000000008001838                EXTI0_IRQHandler
                0x0000000008001838                I2C2_EV_IRQHandler
                0x0000000008001838                CAN1_RX0_IRQHandler
                0x0000000008001838                FPU_IRQHandler
                0x0000000008001838                TIM1_UP_TIM16_IRQHandler
                0x0000000008001838                SPI1_IRQHandler
                0x0000000008001838                TIM6_DAC_IRQHandler
                0x0000000008001838                DMA2_Channel2_IRQHandler
                0x0000000008001838                DMA1_Channel4_IRQHandler
                0x0000000008001838                ADC1_IRQHandler
                0x0000000008001838                USART3_IRQHandler
                0x0000000008001838                DMA1_Channel7_IRQHandler
                0x0000000008001838                CAN1_RX1_IRQHandler
                0x0000000008001838                LCD_IRQHandler
                0x0000000008001838                DMA2_Channel1_IRQHandler
                0x0000000008001838                QUADSPI_IRQHandler
                0x0000000008001838                I2C1_EV_IRQHandler
                0x0000000008001838                DMA1_Channel6_IRQHandler
                0x0000000008001838                DMA2_Channel4_IRQHandler
                0x0000000008001838                RCC_IRQHandler
                0x0000000008001838                TIM1_TRG_COM_IRQHandler
                0x0000000008001838                DMA1_Channel1_IRQHandler
                0x0000000008001838                Default_Handler
                0x0000000008001838                DMA2_Channel7_IRQHandler
                0x0000000008001838                EXTI15_10_IRQHandler
                0x0000000008001838                TIM7_IRQHandler
                0x0000000008001838                SDMMC1_IRQHandler
                0x0000000008001838                I2C3_EV_IRQHandler
                0x0000000008001838                USB_IRQHandler
                0x0000000008001838                EXTI9_5_IRQHandler
                0x0000000008001838                RTC_WKUP_IRQHandler
                0x0000000008001838                PVD_PVM_IRQHandler
                0x0000000008001838                SPI2_IRQHandler
                0x0000000008001838                CAN1_TX_IRQHandler
                0x0000000008001838                DMA2_Channel5_IRQHandler
                0x0000000008001838                CRS_IRQHandler
                0x0000000008001838                DMA1_Channel5_IRQHandler
                0x0000000008001838                EXTI4_IRQHandler
                0x0000000008001838                RNG_IRQHandler
                0x0000000008001838                DMA1_Channel3_IRQHandler
                0x0000000008001838                COMP_IRQHandler
                0x0000000008001838                WWDG_IRQHandler
                0x0000000008001838                LPUART1_IRQHandler
                0x0000000008001838                DMA2_Channel6_IRQHandler
                0x0000000008001838                EXTI1_IRQHandler
                0x0000000008001838                I2C2_ER_IRQHandler
                0x0000000008001838                DMA1_Channel2_IRQHandler
                0x0000000008001838                CAN1_SCE_IRQHandler
                0x0000000008001838                FLASH_IRQHandler
                0x0000000008001838                USART1_IRQHandler
                0x0000000008001838                SPI3_IRQHandler
                0x0000000008001838                I2C1_ER_IRQHandler
                0x0000000008001838                SWPMI1_IRQHandler
                0x0000000008001838                LPTIM1_IRQHandler
                0x0000000008001838                SAI1_IRQHandler
                0x0000000008001838                DMA2_Channel3_IRQHandler
                0x0000000008001838                TIM1_BRK_TIM15_IRQHandler
 .text.HAL_Init
                0x000000000800183a       0x30 Drivers/STM32L4xx_HAL_Driver/Src/stm32l4xx_hal.o
                0x000000000800183a                HAL_Init
 *fill*         0x000000000800186a        0x2 
 .text.HAL_InitTick
                0x000000000800186c       0x74 Drivers/STM32L4xx_HAL_Driver/Src/stm32l4xx_hal.o
                0x000000000800186c                HAL_InitTick
 .text.HAL_IncTick
                0x00000000080018e0       0x24 Drivers/STM32L4xx_HAL_Driver/Src/stm32l4xx_hal.o
                0x00000000080018e0                HAL_IncTick
 .text.HAL_GetTick
                0x0000000008001904       0x18 Drivers/STM32L4xx_HAL_Driver/Src/stm32l4xx_hal.o
                0x0000000008001904                HAL_GetTick
 .text.__NVIC_SetPriorityGrouping
                0x000000000800191c       0x48 Drivers/STM32L4xx_HAL_Driver/Src/stm32l4xx_hal_cortex.o
 .text.__NVIC_GetPriorityGrouping
                0x0000000008001964       0x1c Drivers/STM32L4xx_HAL_Driver/Src/stm32l4xx_hal_cortex.o
 .text.__NVIC_EnableIRQ
                0x0000000008001980       0x3c Drivers/STM32L4xx_HAL_Driver/Src/stm32l4xx_hal_cortex.o
 .text.__NVIC_SetPriority
                0x00000000080019bc       0x54 Drivers/STM32L4xx_HAL_Driver/Src/stm32l4xx_hal_cortex.o
 .text.NVIC_EncodePriority
                0x0000000008001a10       0x66 Drivers/STM32L4xx_HAL_Driver/Src/stm32l4xx_hal_cortex.o
 *fill*         0x0000000008001a76        0x2 
 .text.SysTick_Config
                0x0000000008001a78       0x44 Drivers/STM32L4xx_HAL_Driver/Src/stm32l4xx_hal_cortex.o
 .text.HAL_NVIC_SetPriorityGrouping
                0x0000000008001abc       0x16 Drivers/STM32L4xx_HAL_Driver/Src/stm32l4xx_hal_cortex.o
                0x0000000008001abc                HAL_NVIC_SetPriorityGrouping
 .text.HAL_NVIC_SetPriority
                0x0000000008001ad2       0x38 Drivers/STM32L4xx_HAL_Driver/Src/stm32l4xx_hal_cortex.o
                0x0000000008001ad2                HAL_NVIC_SetPriority
 .text.HAL_NVIC_EnableIRQ
                0x0000000008001b0a       0x1c Drivers/STM32L4xx_HAL_Driver/Src/stm32l4xx_hal_cortex.o
                0x0000000008001b0a                HAL_NVIC_EnableIRQ
 .text.HAL_SYSTICK_Config
                0x0000000008001b26       0x18 Drivers/STM32L4xx_HAL_Driver/Src/stm32l4xx_hal_cortex.o
                0x0000000008001b26                HAL_SYSTICK_Config
 .text.HAL_DMA_Abort_IT
                0x0000000008001b3e       0x82 Drivers/STM32L4xx_HAL_Driver/Src/stm32l4xx_hal_dma.o
                0x0000000008001b3e                HAL_DMA_Abort_IT
 .text.HAL_GPIO_Init
                0x0000000008001bc0      0x2f4 Drivers/STM32L4xx_HAL_Driver/Src/stm32l4xx_hal_gpio.o
                0x0000000008001bc0                HAL_GPIO_Init
 .text.HAL_RCC_GetSysClockFreq
                0x0000000008001eb4      0x114 Drivers/STM32L4xx_HAL_Driver/Src/stm32l4xx_hal_rcc.o
                0x0000000008001eb4                HAL_RCC_GetSysClockFreq
 .text.HAL_RCC_GetHCLKFreq
                0x0000000008001fc8       0x18 Drivers/STM32L4xx_HAL_Driver/Src/stm32l4xx_hal_rcc.o
                0x0000000008001fc8                HAL_RCC_GetHCLKFreq
 .text.HAL_RCC_GetPCLK1Freq
                0x0000000008001fe0       0x2c Drivers/STM32L4xx_HAL_Driver/Src/stm32l4xx_hal_rcc.o
                0x0000000008001fe0                HAL_RCC_GetPCLK1Freq
 .text.HAL_RCC_GetPCLK2Freq
                0x000000000800200c       0x2c Drivers/STM32L4xx_HAL_Driver/Src/stm32l4xx_hal_rcc.o
                0x000000000800200c                HAL_RCC_GetPCLK2Freq
 .text.HAL_UART_Init
                0x0000000008002038       0x9c Drivers/STM32L4xx_HAL_Driver/Src/stm32l4xx_hal_uart.o
                0x0000000008002038                HAL_UART_Init
 .text.HAL_UART_Transmit
                0x00000000080020d4      0x126 Drivers/STM32L4xx_HAL_Driver/Src/stm32l4xx_hal_uart.o
                0x00000000080020d4                HAL_UART_Transmit
 *fill*         0x00000000080021fa        0x2 
 .text.HAL_UART_IRQHandler
                0x00000000080021fc      0x28c Drivers/STM32L4xx_HAL_Driver/Src/stm32l4xx_hal_uart.o
                0x00000000080021fc                HAL_UART_IRQHandler
 .text.HAL_UART_TxCpltCallback
                0x0000000008002488       0x14 Drivers/STM32L4xx_HAL_Driver/Src/stm32l4xx_hal_uart.o
                0x0000000008002488                HAL_UART_TxCpltCallback
 .text.HAL_UART_ErrorCallback
                0x000000000800249c       0x14 Drivers/STM32L4xx_HAL_Driver/Src/stm32l4xx_hal_uart.o
                0x000000000800249c                HAL_UART_ErrorCallback
 .text.UART_SetConfig
                0x00000000080024b0      0x628 Drivers/STM32L4xx_HAL_Driver/Src/stm32l4xx_hal_uart.o
                0x00000000080024b0                UART_SetConfig
 .text.UART_AdvFeatureConfig
                0x0000000008002ad8      0x144 Drivers/STM32L4xx_HAL_Driver/Src/stm32l4xx_hal_uart.o
                0x0000000008002ad8                UART_AdvFeatureConfig
 .text.UART_CheckIdleState
                0x0000000008002c1c       0x8a Drivers/STM32L4xx_HAL_Driver/Src/stm32l4xx_hal_uart.o
                0x0000000008002c1c                UART_CheckIdleState
 .text.UART_WaitOnFlagUntilTimeout
                0x0000000008002ca6       0xf6 Drivers/STM32L4xx_HAL_Driver/Src/stm32l4xx_hal_uart.o
                0x0000000008002ca6                UART_WaitOnFlagUntilTimeout
 .text.UART_EndRxTransfer
                0x0000000008002d9c       0x40 Drivers/STM32L4xx_HAL_Driver/Src/stm32l4xx_hal_uart.o
 .text.UART_DMAAbortOnError
                0x0000000008002ddc       0x2c Drivers/STM32L4xx_HAL_Driver/Src/stm32l4xx_hal_uart.o
 .text.UART_EndTransmit_IT
                0x0000000008002e08       0x32 Drivers/STM32L4xx_HAL_Driver/Src/stm32l4xx_hal_uart.o
 .text.HAL_UARTEx_WakeupCallback
                0x0000000008002e3a       0x14 Drivers/STM32L4xx_HAL_Driver/Src/stm32l4xx_hal_uart_ex.o
                0x0000000008002e3a                HAL_UARTEx_WakeupCallback
 .text.LL_ADC_SetCommonClock
                0x0000000008002e4e       0x26 Drivers/STM32L4xx_HAL_Driver/Src/stm32l4xx_ll_adc.o
 .text.LL_ADC_REG_SetSequencerLength
                0x0000000008002e74       0x26 Drivers/STM32L4xx_HAL_Driver/Src/stm32l4xx_ll_adc.o
 .text.LL_ADC_IsEnabled
                0x0000000008002e9a       0x26 Drivers/STM32L4xx_HAL_Driver/Src/stm32l4xx_ll_adc.o
 .text.LL_ADC_CommonInit
                0x0000000008002ec0       0x3c Drivers/STM32L4xx_HAL_Driver/Src/stm32l4xx_ll_adc.o
                0x0000000008002ec0                LL_ADC_CommonInit
 .text.LL_ADC_Init
                0x0000000008002efc       0x4c Drivers/STM32L4xx_HAL_Driver/Src/stm32l4xx_ll_adc.o
                0x0000000008002efc                LL_ADC_Init
 .text.LL_ADC_REG_Init
                0x0000000008002f48       0x94 Drivers/STM32L4xx_HAL_Driver/Src/stm32l4xx_ll_adc.o
                0x0000000008002f48                LL_ADC_REG_Init
 .text.LL_GPIO_SetPinMode
                0x0000000008002fdc       0x5e Drivers/STM32L4xx_HAL_Driver/Src/stm32l4xx_ll_gpio.o
 .text.LL_GPIO_SetPinOutputType
                0x000000000800303a       0x30 Drivers/STM32L4xx_HAL_Driver/Src/stm32l4xx_ll_gpio.o
 .text.LL_GPIO_SetPinSpeed
                0x000000000800306a       0x5e Drivers/STM32L4xx_HAL_Driver/Src/stm32l4xx_ll_gpio.o
 .text.LL_GPIO_SetPinPull
                0x00000000080030c8       0x5e Drivers/STM32L4xx_HAL_Driver/Src/stm32l4xx_ll_gpio.o
 .text.LL_GPIO_SetAFPin_0_7
                0x0000000008003126       0x5e Drivers/STM32L4xx_HAL_Driver/Src/stm32l4xx_ll_gpio.o
 .text.LL_GPIO_SetAFPin_8_15
                0x0000000008003184       0x62 Drivers/STM32L4xx_HAL_Driver/Src/stm32l4xx_ll_gpio.o
 .text.LL_GPIO_Init
                0x00000000080031e6       0xde Drivers/STM32L4xx_HAL_Driver/Src/stm32l4xx_ll_gpio.o
                0x00000000080031e6                LL_GPIO_Init
 .text.LL_SPI_IsEnabled
                0x00000000080032c4       0x26 Drivers/STM32L4xx_HAL_Driver/Src/stm32l4xx_ll_spi.o
 .text.LL_SPI_SetCRCPolynomial
                0x00000000080032ea       0x20 Drivers/STM32L4xx_HAL_Driver/Src/stm32l4xx_ll_spi.o
 .text.LL_SPI_Init
                0x000000000800330a       0x9c Drivers/STM32L4xx_HAL_Driver/Src/stm32l4xx_ll_spi.o
                0x000000000800330a                LL_SPI_Init
 .text.LL_TIM_SetPrescaler
                0x00000000080033a6       0x1c Drivers/STM32L4xx_HAL_Driver/Src/stm32l4xx_ll_tim.o
 .text.LL_TIM_SetAutoReload
                0x00000000080033c2       0x1c Drivers/STM32L4xx_HAL_Driver/Src/stm32l4xx_ll_tim.o
 .text.LL_TIM_SetRepetitionCounter
                0x00000000080033de       0x1c Drivers/STM32L4xx_HAL_Driver/Src/stm32l4xx_ll_tim.o
 .text.LL_TIM_GenerateEvent_UPDATE
                0x00000000080033fa       0x20 Drivers/STM32L4xx_HAL_Driver/Src/stm32l4xx_ll_tim.o
 *fill*         0x000000000800341a        0x2 
 .text.LL_TIM_Init
                0x000000000800341c       0xbc Drivers/STM32L4xx_HAL_Driver/Src/stm32l4xx_ll_tim.o
                0x000000000800341c                LL_TIM_Init
 .text.LL_SetSystemCoreClock
                0x00000000080034d8       0x20 Drivers/STM32L4xx_HAL_Driver/Src/stm32l4xx_ll_utils.o
                0x00000000080034d8                LL_SetSystemCoreClock
 .text.__errno  0x00000000080034f8        0xc c:/st/stm32cubeide_1.2.0/stm32cubeide/plugins/com.st.stm32cube.ide.mcu.externaltools.gnu-tools-for-stm32.7-2018-q2-update.win32_1.0.0.201904181610/tools/bin/../lib/gcc/arm-none-eabi/7.3.1/../../../../arm-none-eabi/lib/thumb/v7e-m/fpv4-sp/hard\libc_nano.a(lib_a-errno.o)
                0x00000000080034f8                __errno
 .text.__libc_init_array
                0x0000000008003504       0x48 c:/st/stm32cubeide_1.2.0/stm32cubeide/plugins/com.st.stm32cube.ide.mcu.externaltools.gnu-tools-for-stm32.7-2018-q2-update.win32_1.0.0.201904181610/tools/bin/../lib/gcc/arm-none-eabi/7.3.1/../../../../arm-none-eabi/lib/thumb/v7e-m/fpv4-sp/hard\libc_nano.a(lib_a-init.o)
                0x0000000008003504                __libc_init_array
 .text.memset   0x000000000800354c       0x10 c:/st/stm32cubeide_1.2.0/stm32cubeide/plugins/com.st.stm32cube.ide.mcu.externaltools.gnu-tools-for-stm32.7-2018-q2-update.win32_1.0.0.201904181610/tools/bin/../lib/gcc/arm-none-eabi/7.3.1/../../../../arm-none-eabi/lib/thumb/v7e-m/fpv4-sp/hard\libc_nano.a(lib_a-memset.o)
                0x000000000800354c                memset
 .text._free_r  0x000000000800355c       0x9c c:/st/stm32cubeide_1.2.0/stm32cubeide/plugins/com.st.stm32cube.ide.mcu.externaltools.gnu-tools-for-stm32.7-2018-q2-update.win32_1.0.0.201904181610/tools/bin/../lib/gcc/arm-none-eabi/7.3.1/../../../../arm-none-eabi/lib/thumb/v7e-m/fpv4-sp/hard\libc_nano.a(lib_a-nano-freer.o)
                0x000000000800355c                _free_r
 .text._malloc_r
                0x00000000080035f8       0xb4 c:/st/stm32cubeide_1.2.0/stm32cubeide/plugins/com.st.stm32cube.ide.mcu.externaltools.gnu-tools-for-stm32.7-2018-q2-update.win32_1.0.0.201904181610/tools/bin/../lib/gcc/arm-none-eabi/7.3.1/../../../../arm-none-eabi/lib/thumb/v7e-m/fpv4-sp/hard\libc_nano.a(lib_a-nano-mallocr.o)
                0x00000000080035f8                _malloc_r
 .text.printf   0x00000000080036ac       0x30 c:/st/stm32cubeide_1.2.0/stm32cubeide/plugins/com.st.stm32cube.ide.mcu.externaltools.gnu-tools-for-stm32.7-2018-q2-update.win32_1.0.0.201904181610/tools/bin/../lib/gcc/arm-none-eabi/7.3.1/../../../../arm-none-eabi/lib/thumb/v7e-m/fpv4-sp/hard\libc_nano.a(lib_a-printf.o)
                0x00000000080036ac                iprintf
                0x00000000080036ac                printf
 .text.realloc  0x00000000080036dc       0x10 c:/st/stm32cubeide_1.2.0/stm32cubeide/plugins/com.st.stm32cube.ide.mcu.externaltools.gnu-tools-for-stm32.7-2018-q2-update.win32_1.0.0.201904181610/tools/bin/../lib/gcc/arm-none-eabi/7.3.1/../../../../arm-none-eabi/lib/thumb/v7e-m/fpv4-sp/hard\libc_nano.a(lib_a-realloc.o)
                0x00000000080036dc                realloc
 .text._sbrk_r  0x00000000080036ec       0x20 c:/st/stm32cubeide_1.2.0/stm32cubeide/plugins/com.st.stm32cube.ide.mcu.externaltools.gnu-tools-for-stm32.7-2018-q2-update.win32_1.0.0.201904181610/tools/bin/../lib/gcc/arm-none-eabi/7.3.1/../../../../arm-none-eabi/lib/thumb/v7e-m/fpv4-sp/hard\libc_nano.a(lib_a-sbrkr.o)
                0x00000000080036ec                _sbrk_r
 .text.std      0x000000000800370c       0x48 c:/st/stm32cubeide_1.2.0/stm32cubeide/plugins/com.st.stm32cube.ide.mcu.externaltools.gnu-tools-for-stm32.7-2018-q2-update.win32_1.0.0.201904181610/tools/bin/../lib/gcc/arm-none-eabi/7.3.1/../../../../arm-none-eabi/lib/thumb/v7e-m/fpv4-sp/hard\libc_nano.a(lib_a-findfp.o)
 .text._cleanup_r
                0x0000000008003754        0xc c:/st/stm32cubeide_1.2.0/stm32cubeide/plugins/com.st.stm32cube.ide.mcu.externaltools.gnu-tools-for-stm32.7-2018-q2-update.win32_1.0.0.201904181610/tools/bin/../lib/gcc/arm-none-eabi/7.3.1/../../../../arm-none-eabi/lib/thumb/v7e-m/fpv4-sp/hard\libc_nano.a(lib_a-findfp.o)
                0x0000000008003754                _cleanup_r
 .text.__sfmoreglue
                0x0000000008003760       0x2c c:/st/stm32cubeide_1.2.0/stm32cubeide/plugins/com.st.stm32cube.ide.mcu.externaltools.gnu-tools-for-stm32.7-2018-q2-update.win32_1.0.0.201904181610/tools/bin/../lib/gcc/arm-none-eabi/7.3.1/../../../../arm-none-eabi/lib/thumb/v7e-m/fpv4-sp/hard\libc_nano.a(lib_a-findfp.o)
                0x0000000008003760                __sfmoreglue
 .text.__sinit  0x000000000800378c       0x60 c:/st/stm32cubeide_1.2.0/stm32cubeide/plugins/com.st.stm32cube.ide.mcu.externaltools.gnu-tools-for-stm32.7-2018-q2-update.win32_1.0.0.201904181610/tools/bin/../lib/gcc/arm-none-eabi/7.3.1/../../../../arm-none-eabi/lib/thumb/v7e-m/fpv4-sp/hard\libc_nano.a(lib_a-findfp.o)
                0x000000000800378c                __sinit
 .text.__sfp    0x00000000080037ec       0x78 c:/st/stm32cubeide_1.2.0/stm32cubeide/plugins/com.st.stm32cube.ide.mcu.externaltools.gnu-tools-for-stm32.7-2018-q2-update.win32_1.0.0.201904181610/tools/bin/../lib/gcc/arm-none-eabi/7.3.1/../../../../arm-none-eabi/lib/thumb/v7e-m/fpv4-sp/hard\libc_nano.a(lib_a-findfp.o)
                0x00000000080037ec                __sfp
 .text._fwalk_reent
                0x0000000008003864       0x3c c:/st/stm32cubeide_1.2.0/stm32cubeide/plugins/com.st.stm32cube.ide.mcu.externaltools.gnu-tools-for-stm32.7-2018-q2-update.win32_1.0.0.201904181610/tools/bin/../lib/gcc/arm-none-eabi/7.3.1/../../../../arm-none-eabi/lib/thumb/v7e-m/fpv4-sp/hard\libc_nano.a(lib_a-fwalk.o)
                0x0000000008003864                _fwalk_reent
 .text.__malloc_lock
                0x00000000080038a0        0x2 c:/st/stm32cubeide_1.2.0/stm32cubeide/plugins/com.st.stm32cube.ide.mcu.externaltools.gnu-tools-for-stm32.7-2018-q2-update.win32_1.0.0.201904181610/tools/bin/../lib/gcc/arm-none-eabi/7.3.1/../../../../arm-none-eabi/lib/thumb/v7e-m/fpv4-sp/hard\libc_nano.a(lib_a-mlock.o)
                0x00000000080038a0                __malloc_lock
 .text.__malloc_unlock
                0x00000000080038a2        0x2 c:/st/stm32cubeide_1.2.0/stm32cubeide/plugins/com.st.stm32cube.ide.mcu.externaltools.gnu-tools-for-stm32.7-2018-q2-update.win32_1.0.0.201904181610/tools/bin/../lib/gcc/arm-none-eabi/7.3.1/../../../../arm-none-eabi/lib/thumb/v7e-m/fpv4-sp/hard\libc_nano.a(lib_a-mlock.o)
                0x00000000080038a2                __malloc_unlock
 .text._realloc_r
                0x00000000080038a4       0x4c c:/st/stm32cubeide_1.2.0/stm32cubeide/plugins/com.st.stm32cube.ide.mcu.externaltools.gnu-tools-for-stm32.7-2018-q2-update.win32_1.0.0.201904181610/tools/bin/../lib/gcc/arm-none-eabi/7.3.1/../../../../arm-none-eabi/lib/thumb/v7e-m/fpv4-sp/hard\libc_nano.a(lib_a-nano-reallocr.o)
                0x00000000080038a4                _realloc_r
 .text.__sfputc_r
                0x00000000080038f0       0x2e c:/st/stm32cubeide_1.2.0/stm32cubeide/plugins/com.st.stm32cube.ide.mcu.externaltools.gnu-tools-for-stm32.7-2018-q2-update.win32_1.0.0.201904181610/tools/bin/../lib/gcc/arm-none-eabi/7.3.1/../../../../arm-none-eabi/lib/thumb/v7e-m/fpv4-sp/hard\libc_nano.a(lib_a-nano-vfprintf.o)
 .text.__sfputs_r
                0x000000000800391e       0x24 c:/st/stm32cubeide_1.2.0/stm32cubeide/plugins/com.st.stm32cube.ide.mcu.externaltools.gnu-tools-for-stm32.7-2018-q2-update.win32_1.0.0.201904181610/tools/bin/../lib/gcc/arm-none-eabi/7.3.1/../../../../arm-none-eabi/lib/thumb/v7e-m/fpv4-sp/hard\libc_nano.a(lib_a-nano-vfprintf.o)
                0x000000000800391e                __sfputs_r
 *fill*         0x0000000008003942        0x2 
 .text._vfprintf_r
                0x0000000008003944      0x22c c:/st/stm32cubeide_1.2.0/stm32cubeide/plugins/com.st.stm32cube.ide.mcu.externaltools.gnu-tools-for-stm32.7-2018-q2-update.win32_1.0.0.201904181610/tools/bin/../lib/gcc/arm-none-eabi/7.3.1/../../../../arm-none-eabi/lib/thumb/v7e-m/fpv4-sp/hard\libc_nano.a(lib_a-nano-vfprintf.o)
                0x0000000008003944                _vfprintf_r
                0x0000000008003944                _vfiprintf_r
 .text._printf_common
                0x0000000008003b70       0xea c:/st/stm32cubeide_1.2.0/stm32cubeide/plugins/com.st.stm32cube.ide.mcu.externaltools.gnu-tools-for-stm32.7-2018-q2-update.win32_1.0.0.201904181610/tools/bin/../lib/gcc/arm-none-eabi/7.3.1/../../../../arm-none-eabi/lib/thumb/v7e-m/fpv4-sp/hard\libc_nano.a(lib_a-nano-vfprintf_i.o)
                0x0000000008003b70                _printf_common
 *fill*         0x0000000008003c5a        0x2 
 .text._printf_i
                0x0000000008003c5c      0x224 c:/st/stm32cubeide_1.2.0/stm32cubeide/plugins/com.st.stm32cube.ide.mcu.externaltools.gnu-tools-for-stm32.7-2018-q2-update.win32_1.0.0.201904181610/tools/bin/../lib/gcc/arm-none-eabi/7.3.1/../../../../arm-none-eabi/lib/thumb/v7e-m/fpv4-sp/hard\libc_nano.a(lib_a-nano-vfprintf_i.o)
                0x0000000008003c5c                _printf_i
 .text.__sread  0x0000000008003e80       0x22 c:/st/stm32cubeide_1.2.0/stm32cubeide/plugins/com.st.stm32cube.ide.mcu.externaltools.gnu-tools-for-stm32.7-2018-q2-update.win32_1.0.0.201904181610/tools/bin/../lib/gcc/arm-none-eabi/7.3.1/../../../../arm-none-eabi/lib/thumb/v7e-m/fpv4-sp/hard\libc_nano.a(lib_a-stdio.o)
                0x0000000008003e80                __sread
 .text.__swrite
                0x0000000008003ea2       0x38 c:/st/stm32cubeide_1.2.0/stm32cubeide/plugins/com.st.stm32cube.ide.mcu.externaltools.gnu-tools-for-stm32.7-2018-q2-update.win32_1.0.0.201904181610/tools/bin/../lib/gcc/arm-none-eabi/7.3.1/../../../../arm-none-eabi/lib/thumb/v7e-m/fpv4-sp/hard\libc_nano.a(lib_a-stdio.o)
                0x0000000008003ea2                __swrite
 .text.__sseek  0x0000000008003eda       0x24 c:/st/stm32cubeide_1.2.0/stm32cubeide/plugins/com.st.stm32cube.ide.mcu.externaltools.gnu-tools-for-stm32.7-2018-q2-update.win32_1.0.0.201904181610/tools/bin/../lib/gcc/arm-none-eabi/7.3.1/../../../../arm-none-eabi/lib/thumb/v7e-m/fpv4-sp/hard\libc_nano.a(lib_a-stdio.o)
                0x0000000008003eda                __sseek
 .text.__sclose
                0x0000000008003efe        0x8 c:/st/stm32cubeide_1.2.0/stm32cubeide/plugins/com.st.stm32cube.ide.mcu.externaltools.gnu-tools-for-stm32.7-2018-q2-update.win32_1.0.0.201904181610/tools/bin/../lib/gcc/arm-none-eabi/7.3.1/../../../../arm-none-eabi/lib/thumb/v7e-m/fpv4-sp/hard\libc_nano.a(lib_a-stdio.o)
                0x0000000008003efe                __sclose
 *fill*         0x0000000008003f06        0x2 
 .text.__swbuf_r
                0x0000000008003f08       0xa4 c:/st/stm32cubeide_1.2.0/stm32cubeide/plugins/com.st.stm32cube.ide.mcu.externaltools.gnu-tools-for-stm32.7-2018-q2-update.win32_1.0.0.201904181610/tools/bin/../lib/gcc/arm-none-eabi/7.3.1/../../../../arm-none-eabi/lib/thumb/v7e-m/fpv4-sp/hard\libc_nano.a(lib_a-wbuf.o)
                0x0000000008003f08                __swbuf_r
 .text._write_r
                0x0000000008003fac       0x24 c:/st/stm32cubeide_1.2.0/stm32cubeide/plugins/com.st.stm32cube.ide.mcu.externaltools.gnu-tools-for-stm32.7-2018-q2-update.win32_1.0.0.201904181610/tools/bin/../lib/gcc/arm-none-eabi/7.3.1/../../../../arm-none-eabi/lib/thumb/v7e-m/fpv4-sp/hard\libc_nano.a(lib_a-writer.o)
                0x0000000008003fac                _write_r
 .text.__swsetup_r
                0x0000000008003fd0       0xdc c:/st/stm32cubeide_1.2.0/stm32cubeide/plugins/com.st.stm32cube.ide.mcu.externaltools.gnu-tools-for-stm32.7-2018-q2-update.win32_1.0.0.201904181610/tools/bin/../lib/gcc/arm-none-eabi/7.3.1/../../../../arm-none-eabi/lib/thumb/v7e-m/fpv4-sp/hard\libc_nano.a(lib_a-wsetup.o)
                0x0000000008003fd0                __swsetup_r
 .text._close_r
                0x00000000080040ac       0x20 c:/st/stm32cubeide_1.2.0/stm32cubeide/plugins/com.st.stm32cube.ide.mcu.externaltools.gnu-tools-for-stm32.7-2018-q2-update.win32_1.0.0.201904181610/tools/bin/../lib/gcc/arm-none-eabi/7.3.1/../../../../arm-none-eabi/lib/thumb/v7e-m/fpv4-sp/hard\libc_nano.a(lib_a-closer.o)
                0x00000000080040ac                _close_r
 .text.__sflush_r
                0x00000000080040cc      0x10c c:/st/stm32cubeide_1.2.0/stm32cubeide/plugins/com.st.stm32cube.ide.mcu.externaltools.gnu-tools-for-stm32.7-2018-q2-update.win32_1.0.0.201904181610/tools/bin/../lib/gcc/arm-none-eabi/7.3.1/../../../../arm-none-eabi/lib/thumb/v7e-m/fpv4-sp/hard\libc_nano.a(lib_a-fflush.o)
                0x00000000080040cc                __sflush_r
 .text._fflush_r
                0x00000000080041d8       0x54 c:/st/stm32cubeide_1.2.0/stm32cubeide/plugins/com.st.stm32cube.ide.mcu.externaltools.gnu-tools-for-stm32.7-2018-q2-update.win32_1.0.0.201904181610/tools/bin/../lib/gcc/arm-none-eabi/7.3.1/../../../../arm-none-eabi/lib/thumb/v7e-m/fpv4-sp/hard\libc_nano.a(lib_a-fflush.o)
                0x00000000080041d8                _fflush_r
 .text._lseek_r
                0x000000000800422c       0x24 c:/st/stm32cubeide_1.2.0/stm32cubeide/plugins/com.st.stm32cube.ide.mcu.externaltools.gnu-tools-for-stm32.7-2018-q2-update.win32_1.0.0.201904181610/tools/bin/../lib/gcc/arm-none-eabi/7.3.1/../../../../arm-none-eabi/lib/thumb/v7e-m/fpv4-sp/hard\libc_nano.a(lib_a-lseekr.o)
                0x000000000800422c                _lseek_r
 .text.__swhatbuf_r
                0x0000000008004250       0x48 c:/st/stm32cubeide_1.2.0/stm32cubeide/plugins/com.st.stm32cube.ide.mcu.externaltools.gnu-tools-for-stm32.7-2018-q2-update.win32_1.0.0.201904181610/tools/bin/../lib/gcc/arm-none-eabi/7.3.1/../../../../arm-none-eabi/lib/thumb/v7e-m/fpv4-sp/hard\libc_nano.a(lib_a-makebuf.o)
                0x0000000008004250                __swhatbuf_r
 .text.__smakebuf_r
                0x0000000008004298       0x80 c:/st/stm32cubeide_1.2.0/stm32cubeide/plugins/com.st.stm32cube.ide.mcu.externaltools.gnu-tools-for-stm32.7-2018-q2-update.win32_1.0.0.201904181610/tools/bin/../lib/gcc/arm-none-eabi/7.3.1/../../../../arm-none-eabi/lib/thumb/v7e-m/fpv4-sp/hard\libc_nano.a(lib_a-makebuf.o)
                0x0000000008004298                __smakebuf_r
 .text.memcpy   0x0000000008004318       0x16 c:/st/stm32cubeide_1.2.0/stm32cubeide/plugins/com.st.stm32cube.ide.mcu.externaltools.gnu-tools-for-stm32.7-2018-q2-update.win32_1.0.0.201904181610/tools/bin/../lib/gcc/arm-none-eabi/7.3.1/../../../../arm-none-eabi/lib/thumb/v7e-m/fpv4-sp/hard\libc_nano.a(lib_a-memcpy-stub.o)
                0x0000000008004318                memcpy
 .text._malloc_usable_size_r
                0x000000000800432e       0x10 c:/st/stm32cubeide_1.2.0/stm32cubeide/plugins/com.st.stm32cube.ide.mcu.externaltools.gnu-tools-for-stm32.7-2018-q2-update.win32_1.0.0.201904181610/tools/bin/../lib/gcc/arm-none-eabi/7.3.1/../../../../arm-none-eabi/lib/thumb/v7e-m/fpv4-sp/hard\libc_nano.a(lib_a-nano-msizer.o)
                0x000000000800432e                _malloc_usable_size_r
 *fill*         0x000000000800433e        0x2 
 .text._read_r  0x0000000008004340       0x24 c:/st/stm32cubeide_1.2.0/stm32cubeide/plugins/com.st.stm32cube.ide.mcu.externaltools.gnu-tools-for-stm32.7-2018-q2-update.win32_1.0.0.201904181610/tools/bin/../lib/gcc/arm-none-eabi/7.3.1/../../../../arm-none-eabi/lib/thumb/v7e-m/fpv4-sp/hard\libc_nano.a(lib_a-readr.o)
                0x0000000008004340                _read_r
 .text._fstat_r
                0x0000000008004364       0x24 c:/st/stm32cubeide_1.2.0/stm32cubeide/plugins/com.st.stm32cube.ide.mcu.externaltools.gnu-tools-for-stm32.7-2018-q2-update.win32_1.0.0.201904181610/tools/bin/../lib/gcc/arm-none-eabi/7.3.1/../../../../arm-none-eabi/lib/thumb/v7e-m/fpv4-sp/hard\libc_nano.a(lib_a-fstatr.o)
                0x0000000008004364                _fstat_r
 .text._isatty_r
                0x0000000008004388       0x20 c:/st/stm32cubeide_1.2.0/stm32cubeide/plugins/com.st.stm32cube.ide.mcu.externaltools.gnu-tools-for-stm32.7-2018-q2-update.win32_1.0.0.201904181610/tools/bin/../lib/gcc/arm-none-eabi/7.3.1/../../../../arm-none-eabi/lib/thumb/v7e-m/fpv4-sp/hard\libc_nano.a(lib_a-isattyr.o)
                0x0000000008004388                _isatty_r
 *(.glue_7)
 .glue_7        0x00000000080043a8        0x0 linker stubs
 *(.glue_7t)
 .glue_7t       0x00000000080043a8        0x0 linker stubs
 *(.eh_frame)
 .eh_frame      0x00000000080043a8        0x0 c:/st/stm32cubeide_1.2.0/stm32cubeide/plugins/com.st.stm32cube.ide.mcu.externaltools.gnu-tools-for-stm32.7-2018-q2-update.win32_1.0.0.201904181610/tools/bin/../lib/gcc/arm-none-eabi/7.3.1/thumb/v7e-m/fpv4-sp/hard/crtbegin.o
 *(.init)
 .init          0x00000000080043a8        0x4 c:/st/stm32cubeide_1.2.0/stm32cubeide/plugins/com.st.stm32cube.ide.mcu.externaltools.gnu-tools-for-stm32.7-2018-q2-update.win32_1.0.0.201904181610/tools/bin/../lib/gcc/arm-none-eabi/7.3.1/thumb/v7e-m/fpv4-sp/hard/crti.o
                0x00000000080043a8                _init
 .init          0x00000000080043ac        0x8 c:/st/stm32cubeide_1.2.0/stm32cubeide/plugins/com.st.stm32cube.ide.mcu.externaltools.gnu-tools-for-stm32.7-2018-q2-update.win32_1.0.0.201904181610/tools/bin/../lib/gcc/arm-none-eabi/7.3.1/thumb/v7e-m/fpv4-sp/hard/crtn.o
 *(.fini)
 .fini          0x00000000080043b4        0x4 c:/st/stm32cubeide_1.2.0/stm32cubeide/plugins/com.st.stm32cube.ide.mcu.externaltools.gnu-tools-for-stm32.7-2018-q2-update.win32_1.0.0.201904181610/tools/bin/../lib/gcc/arm-none-eabi/7.3.1/thumb/v7e-m/fpv4-sp/hard/crti.o
                0x00000000080043b4                _fini
 .fini          0x00000000080043b8        0x8 c:/st/stm32cubeide_1.2.0/stm32cubeide/plugins/com.st.stm32cube.ide.mcu.externaltools.gnu-tools-for-stm32.7-2018-q2-update.win32_1.0.0.201904181610/tools/bin/../lib/gcc/arm-none-eabi/7.3.1/thumb/v7e-m/fpv4-sp/hard/crtn.o
                0x00000000080043c0                . = ALIGN (0x4)
                0x00000000080043c0                _etext = .

.vfp11_veneer   0x00000000080043c0        0x0
 .vfp11_veneer  0x00000000080043c0        0x0 linker stubs

.v4_bx          0x00000000080043c0        0x0
 .v4_bx         0x00000000080043c0        0x0 linker stubs

.iplt           0x00000000080043c0        0x0
 .iplt          0x00000000080043c0        0x0 c:/st/stm32cubeide_1.2.0/stm32cubeide/plugins/com.st.stm32cube.ide.mcu.externaltools.gnu-tools-for-stm32.7-2018-q2-update.win32_1.0.0.201904181610/tools/bin/../lib/gcc/arm-none-eabi/7.3.1/thumb/v7e-m/fpv4-sp/hard/crtbegin.o

.rodata         0x00000000080043c0      0x100
                0x00000000080043c0                . = ALIGN (0x4)
 *(.rodata)
 .rodata        0x00000000080043c0        0xc Core/Src/main.o
 *(.rodata*)
 .rodata.OFFSET_TAB_CCMRx
                0x00000000080043cc        0x9 Core/Src/main.o
 *fill*         0x00000000080043d5        0x3 
 .rodata.SHIFT_TAB_ICxx
                0x00000000080043d8        0x9 Core/Src/main.o
 *fill*         0x00000000080043e1        0x3 
 .rodata.SHIFT_TAB_CCxP
                0x00000000080043e4        0x9 Core/Src/main.o
 *fill*         0x00000000080043ed        0x3 
 .rodata.APBPrescTable
                0x00000000080043f0        0x8 Core/Src/system_stm32l4xx.o
                0x00000000080043f0                APBPrescTable
 .rodata.MSIRangeTable
                0x00000000080043f8       0x30 Core/Src/system_stm32l4xx.o
                0x00000000080043f8                MSIRangeTable
 .rodata._global_impure_ptr
                0x0000000008004428        0x4 c:/st/stm32cubeide_1.2.0/stm32cubeide/plugins/com.st.stm32cube.ide.mcu.externaltools.gnu-tools-for-stm32.7-2018-q2-update.win32_1.0.0.201904181610/tools/bin/../lib/gcc/arm-none-eabi/7.3.1/../../../../arm-none-eabi/lib/thumb/v7e-m/fpv4-sp/hard\libc_nano.a(lib_a-impure.o)
                0x0000000008004428                _global_impure_ptr
 .rodata.__sf_fake_stderr
                0x000000000800442c       0x20 c:/st/stm32cubeide_1.2.0/stm32cubeide/plugins/com.st.stm32cube.ide.mcu.externaltools.gnu-tools-for-stm32.7-2018-q2-update.win32_1.0.0.201904181610/tools/bin/../lib/gcc/arm-none-eabi/7.3.1/../../../../arm-none-eabi/lib/thumb/v7e-m/fpv4-sp/hard\libc_nano.a(lib_a-findfp.o)
                0x000000000800442c                __sf_fake_stderr
 .rodata.__sf_fake_stdin
                0x000000000800444c       0x20 c:/st/stm32cubeide_1.2.0/stm32cubeide/plugins/com.st.stm32cube.ide.mcu.externaltools.gnu-tools-for-stm32.7-2018-q2-update.win32_1.0.0.201904181610/tools/bin/../lib/gcc/arm-none-eabi/7.3.1/../../../../arm-none-eabi/lib/thumb/v7e-m/fpv4-sp/hard\libc_nano.a(lib_a-findfp.o)
                0x000000000800444c                __sf_fake_stdin
 .rodata.__sf_fake_stdout
                0x000000000800446c       0x20 c:/st/stm32cubeide_1.2.0/stm32cubeide/plugins/com.st.stm32cube.ide.mcu.externaltools.gnu-tools-for-stm32.7-2018-q2-update.win32_1.0.0.201904181610/tools/bin/../lib/gcc/arm-none-eabi/7.3.1/../../../../arm-none-eabi/lib/thumb/v7e-m/fpv4-sp/hard\libc_nano.a(lib_a-findfp.o)
                0x000000000800446c                __sf_fake_stdout
 .rodata._vfprintf_r.str1.1
                0x000000000800448c       0x11 c:/st/stm32cubeide_1.2.0/stm32cubeide/plugins/com.st.stm32cube.ide.mcu.externaltools.gnu-tools-for-stm32.7-2018-q2-update.win32_1.0.0.201904181610/tools/bin/../lib/gcc/arm-none-eabi/7.3.1/../../../../arm-none-eabi/lib/thumb/v7e-m/fpv4-sp/hard\libc_nano.a(lib_a-nano-vfprintf.o)
 .rodata._printf_i.str1.1
                0x000000000800449d       0x22 c:/st/stm32cubeide_1.2.0/stm32cubeide/plugins/com.st.stm32cube.ide.mcu.externaltools.gnu-tools-for-stm32.7-2018-q2-update.win32_1.0.0.201904181610/tools/bin/../lib/gcc/arm-none-eabi/7.3.1/../../../../arm-none-eabi/lib/thumb/v7e-m/fpv4-sp/hard\libc_nano.a(lib_a-nano-vfprintf_i.o)
                0x00000000080044c0                . = ALIGN (0x4)
 *fill*         0x00000000080044bf        0x1 

.ARM.extab      0x00000000080044c0        0x0
                0x00000000080044c0                . = ALIGN (0x4)
 *(.ARM.extab* .gnu.linkonce.armextab.*)
                0x00000000080044c0                . = ALIGN (0x4)

.ARM            0x00000000080044c0        0x8
                0x00000000080044c0                . = ALIGN (0x4)
                0x00000000080044c0                __exidx_start = .
 *(.ARM.exidx*)
 .ARM.exidx     0x00000000080044c0        0x8 c:/st/stm32cubeide_1.2.0/stm32cubeide/plugins/com.st.stm32cube.ide.mcu.externaltools.gnu-tools-for-stm32.7-2018-q2-update.win32_1.0.0.201904181610/tools/bin/../lib/gcc/arm-none-eabi/7.3.1/thumb/v7e-m/fpv4-sp/hard\libgcc.a(_udivmoddi4.o)
                0x00000000080044c8                __exidx_end = .
                0x00000000080044c8                . = ALIGN (0x4)

.rel.dyn        0x00000000080044c8        0x0
 .rel.iplt      0x00000000080044c8        0x0 c:/st/stm32cubeide_1.2.0/stm32cubeide/plugins/com.st.stm32cube.ide.mcu.externaltools.gnu-tools-for-stm32.7-2018-q2-update.win32_1.0.0.201904181610/tools/bin/../lib/gcc/arm-none-eabi/7.3.1/thumb/v7e-m/fpv4-sp/hard/crtbegin.o

.preinit_array  0x00000000080044c8        0x0
                0x00000000080044c8                . = ALIGN (0x4)
                0x00000000080044c8                PROVIDE (__preinit_array_start = .)
 *(.preinit_array*)
                0x00000000080044c8                PROVIDE (__preinit_array_end = .)
                0x00000000080044c8                . = ALIGN (0x4)

.init_array     0x00000000080044c8        0x4
                0x00000000080044c8                . = ALIGN (0x4)
                0x00000000080044c8                PROVIDE (__init_array_start = .)
 *(SORT_BY_NAME(.init_array.*))
 *(.init_array*)
 .init_array    0x00000000080044c8        0x4 c:/st/stm32cubeide_1.2.0/stm32cubeide/plugins/com.st.stm32cube.ide.mcu.externaltools.gnu-tools-for-stm32.7-2018-q2-update.win32_1.0.0.201904181610/tools/bin/../lib/gcc/arm-none-eabi/7.3.1/thumb/v7e-m/fpv4-sp/hard/crtbegin.o
                0x00000000080044cc                PROVIDE (__init_array_end = .)
                0x00000000080044cc                . = ALIGN (0x4)

.fini_array     0x00000000080044cc        0x4
                0x00000000080044cc                . = ALIGN (0x4)
                [!provide]                        PROVIDE (__fini_array_start = .)
 *(SORT_BY_NAME(.fini_array.*))
 *(.fini_array*)
 .fini_array    0x00000000080044cc        0x4 c:/st/stm32cubeide_1.2.0/stm32cubeide/plugins/com.st.stm32cube.ide.mcu.externaltools.gnu-tools-for-stm32.7-2018-q2-update.win32_1.0.0.201904181610/tools/bin/../lib/gcc/arm-none-eabi/7.3.1/thumb/v7e-m/fpv4-sp/hard/crtbegin.o
                [!provide]                        PROVIDE (__fini_array_end = .)
                0x00000000080044d0                . = ALIGN (0x4)
                0x00000000080044d0                _sidata = LOADADDR (.data)

.data           0x0000000020000000       0x70 load address 0x00000000080044d0
                0x0000000020000000                . = ALIGN (0x4)
                0x0000000020000000                _sdata = .
 *(.data)
 *(.data*)
 .data.SystemCoreClock
                0x0000000020000000        0x4 Core/Src/system_stm32l4xx.o
                0x0000000020000000                SystemCoreClock
 .data.uwTickPrio
                0x0000000020000004        0x4 Drivers/STM32L4xx_HAL_Driver/Src/stm32l4xx_hal.o
                0x0000000020000004                uwTickPrio
 .data.uwTickFreq
                0x0000000020000008        0x4 Drivers/STM32L4xx_HAL_Driver/Src/stm32l4xx_hal.o
                0x0000000020000008                uwTickFreq
 .data._impure_ptr
                0x000000002000000c        0x4 c:/st/stm32cubeide_1.2.0/stm32cubeide/plugins/com.st.stm32cube.ide.mcu.externaltools.gnu-tools-for-stm32.7-2018-q2-update.win32_1.0.0.201904181610/tools/bin/../lib/gcc/arm-none-eabi/7.3.1/../../../../arm-none-eabi/lib/thumb/v7e-m/fpv4-sp/hard\libc_nano.a(lib_a-impure.o)
                0x000000002000000c                _impure_ptr
 .data.impure_data
                0x0000000020000010       0x60 c:/st/stm32cubeide_1.2.0/stm32cubeide/plugins/com.st.stm32cube.ide.mcu.externaltools.gnu-tools-for-stm32.7-2018-q2-update.win32_1.0.0.201904181610/tools/bin/../lib/gcc/arm-none-eabi/7.3.1/../../../../arm-none-eabi/lib/thumb/v7e-m/fpv4-sp/hard\libc_nano.a(lib_a-impure.o)
                0x0000000020000070                . = ALIGN (0x4)
                0x0000000020000070                _edata = .

.igot.plt       0x0000000020000070        0x0 load address 0x0000000008004540
 .igot.plt      0x0000000020000070        0x0 c:/st/stm32cubeide_1.2.0/stm32cubeide/plugins/com.st.stm32cube.ide.mcu.externaltools.gnu-tools-for-stm32.7-2018-q2-update.win32_1.0.0.201904181610/tools/bin/../lib/gcc/arm-none-eabi/7.3.1/thumb/v7e-m/fpv4-sp/hard/crtbegin.o
                0x0000000020000070                . = ALIGN (0x4)

.bss            0x0000000020000070       0xcc load address 0x0000000008004540
                0x0000000020000070                _sbss = .
                0x0000000020000070                __bss_start__ = _sbss
 *(.bss)
 .bss           0x0000000020000070       0x1c c:/st/stm32cubeide_1.2.0/stm32cubeide/plugins/com.st.stm32cube.ide.mcu.externaltools.gnu-tools-for-stm32.7-2018-q2-update.win32_1.0.0.201904181610/tools/bin/../lib/gcc/arm-none-eabi/7.3.1/thumb/v7e-m/fpv4-sp/hard/crtbegin.o
 *(.bss*)
 .bss.count_tmp
                0x000000002000008c        0x2 Core/Src/main.o
                0x000000002000008c                count_tmp
 *fill*         0x000000002000008e        0x2 
 .bss.save_index
                0x0000000020000090        0x4 Core/Src/main.o
                0x0000000020000090                save_index
 .bss.buff_length
                0x0000000020000094        0x4 Core/Src/main.o
                0x0000000020000094                buff_length
 .bss.flash_index
                0x0000000020000098        0x2 Core/Src/main.o
                0x0000000020000098                flash_index
 .bss.error_flag
                0x000000002000009a        0x1 Core/Src/main.o
                0x000000002000009a                error_flag
 .bss.ready_send_flag
                0x000000002000009b        0x1 Core/Src/main.o
                0x000000002000009b                ready_send_flag
 .bss.heap_end.6424
                0x000000002000009c        0x4 Core/Src/sysmem.o
 .bss.__malloc_free_list
                0x00000000200000a0        0x4 c:/st/stm32cubeide_1.2.0/stm32cubeide/plugins/com.st.stm32cube.ide.mcu.externaltools.gnu-tools-for-stm32.7-2018-q2-update.win32_1.0.0.201904181610/tools/bin/../lib/gcc/arm-none-eabi/7.3.1/../../../../arm-none-eabi/lib/thumb/v7e-m/fpv4-sp/hard\libc_nano.a(lib_a-nano-mallocr.o)
                0x00000000200000a0                __malloc_free_list
 .bss.__malloc_sbrk_start
                0x00000000200000a4        0x4 c:/st/stm32cubeide_1.2.0/stm32cubeide/plugins/com.st.stm32cube.ide.mcu.externaltools.gnu-tools-for-stm32.7-2018-q2-update.win32_1.0.0.201904181610/tools/bin/../lib/gcc/arm-none-eabi/7.3.1/../../../../arm-none-eabi/lib/thumb/v7e-m/fpv4-sp/hard\libc_nano.a(lib_a-nano-mallocr.o)
                0x00000000200000a4                __malloc_sbrk_start
 *(COMMON)
 COMMON         0x00000000200000a8       0x8c Core/Src/main.o
                0x00000000200000a8                flow_str
                0x00000000200000aa                T_str
                0x00000000200000ac                buff_T
                0x00000000200000b0                R_data
                0x00000000200000b4                huart2
 COMMON         0x0000000020000134        0x4 Drivers/STM32L4xx_HAL_Driver/Src/stm32l4xx_hal.o
                0x0000000020000134                uwTick
 COMMON         0x0000000020000138        0x4 c:/st/stm32cubeide_1.2.0/stm32cubeide/plugins/com.st.stm32cube.ide.mcu.externaltools.gnu-tools-for-stm32.7-2018-q2-update.win32_1.0.0.201904181610/tools/bin/../lib/gcc/arm-none-eabi/7.3.1/../../../../arm-none-eabi/lib/thumb/v7e-m/fpv4-sp/hard\libc_nano.a(lib_a-reent.o)
                0x0000000020000138                errno
                0x000000002000013c                . = ALIGN (0x4)
                0x000000002000013c                _ebss = .
                0x000000002000013c                __bss_end__ = _ebss

._user_heap_stack
                0x000000002000013c      0x604 load address 0x0000000008004540
                0x0000000020000140                . = ALIGN (0x8)
 *fill*         0x000000002000013c        0x4 
                0x0000000020000140                PROVIDE (end = .)
                [!provide]                        PROVIDE (_end = .)
                0x0000000020000340                . = (. + _Min_Heap_Size)
 *fill*         0x0000000020000140      0x200 
                0x0000000020000740                . = (. + _Min_Stack_Size)
 *fill*         0x0000000020000340      0x400 
                0x0000000020000740                . = ALIGN (0x8)

/DISCARD/
 libc.a(*)
 libm.a(*)
 libgcc.a(*)

.ARM.attributes
                0x0000000000000000       0x30
 *(.ARM.attributes)
 .ARM.attributes
                0x0000000000000000       0x22 c:/st/stm32cubeide_1.2.0/stm32cubeide/plugins/com.st.stm32cube.ide.mcu.externaltools.gnu-tools-for-stm32.7-2018-q2-update.win32_1.0.0.201904181610/tools/bin/../lib/gcc/arm-none-eabi/7.3.1/thumb/v7e-m/fpv4-sp/hard/crti.o
 .ARM.attributes
                0x0000000000000022       0x34 c:/st/stm32cubeide_1.2.0/stm32cubeide/plugins/com.st.stm32cube.ide.mcu.externaltools.gnu-tools-for-stm32.7-2018-q2-update.win32_1.0.0.201904181610/tools/bin/../lib/gcc/arm-none-eabi/7.3.1/thumb/v7e-m/fpv4-sp/hard/crtbegin.o
 .ARM.attributes
                0x0000000000000056       0x39 Core/Src/main.o
 .ARM.attributes
                0x000000000000008f       0x39 Core/Src/stm32l4xx_hal_msp.o
 .ARM.attributes
                0x00000000000000c8       0x39 Core/Src/stm32l4xx_it.o
 .ARM.attributes
                0x0000000000000101       0x39 Core/Src/syscalls.o
 .ARM.attributes
                0x000000000000013a       0x39 Core/Src/sysmem.o
 .ARM.attributes
                0x0000000000000173       0x39 Core/Src/system_stm32l4xx.o
 .ARM.attributes
                0x00000000000001ac       0x21 Core/Startup/startup_stm32l433ccux.o
 .ARM.attributes
                0x00000000000001cd       0x39 Drivers/STM32L4xx_HAL_Driver/Src/stm32l4xx_hal.o
 .ARM.attributes
                0x0000000000000206       0x39 Drivers/STM32L4xx_HAL_Driver/Src/stm32l4xx_hal_cortex.o
 .ARM.attributes
                0x000000000000023f       0x39 Drivers/STM32L4xx_HAL_Driver/Src/stm32l4xx_hal_dma.o
 .ARM.attributes
                0x0000000000000278       0x39 Drivers/STM32L4xx_HAL_Driver/Src/stm32l4xx_hal_gpio.o
 .ARM.attributes
                0x00000000000002b1       0x39 Drivers/STM32L4xx_HAL_Driver/Src/stm32l4xx_hal_rcc.o
 .ARM.attributes
                0x00000000000002ea       0x39 Drivers/STM32L4xx_HAL_Driver/Src/stm32l4xx_hal_uart.o
 .ARM.attributes
                0x0000000000000323       0x39 Drivers/STM32L4xx_HAL_Driver/Src/stm32l4xx_hal_uart_ex.o
 .ARM.attributes
                0x000000000000035c       0x39 Drivers/STM32L4xx_HAL_Driver/Src/stm32l4xx_ll_adc.o
 .ARM.attributes
                0x0000000000000395       0x39 Drivers/STM32L4xx_HAL_Driver/Src/stm32l4xx_ll_gpio.o
 .ARM.attributes
                0x00000000000003ce       0x39 Drivers/STM32L4xx_HAL_Driver/Src/stm32l4xx_ll_spi.o
 .ARM.attributes
                0x0000000000000407       0x39 Drivers/STM32L4xx_HAL_Driver/Src/stm32l4xx_ll_tim.o
 .ARM.attributes
                0x0000000000000440       0x39 Drivers/STM32L4xx_HAL_Driver/Src/stm32l4xx_ll_utils.o
 .ARM.attributes
                0x0000000000000479       0x34 c:/st/stm32cubeide_1.2.0/stm32cubeide/plugins/com.st.stm32cube.ide.mcu.externaltools.gnu-tools-for-stm32.7-2018-q2-update.win32_1.0.0.201904181610/tools/bin/../lib/gcc/arm-none-eabi/7.3.1/../../../../arm-none-eabi/lib/thumb/v7e-m/fpv4-sp/hard\libc_nano.a(lib_a-errno.o)
 .ARM.attributes
                0x00000000000004ad       0x34 c:/st/stm32cubeide_1.2.0/stm32cubeide/plugins/com.st.stm32cube.ide.mcu.externaltools.gnu-tools-for-stm32.7-2018-q2-update.win32_1.0.0.201904181610/tools/bin/../lib/gcc/arm-none-eabi/7.3.1/../../../../arm-none-eabi/lib/thumb/v7e-m/fpv4-sp/hard\libc_nano.a(lib_a-impure.o)
 .ARM.attributes
                0x00000000000004e1       0x34 c:/st/stm32cubeide_1.2.0/stm32cubeide/plugins/com.st.stm32cube.ide.mcu.externaltools.gnu-tools-for-stm32.7-2018-q2-update.win32_1.0.0.201904181610/tools/bin/../lib/gcc/arm-none-eabi/7.3.1/../../../../arm-none-eabi/lib/thumb/v7e-m/fpv4-sp/hard\libc_nano.a(lib_a-init.o)
 .ARM.attributes
                0x0000000000000515       0x34 c:/st/stm32cubeide_1.2.0/stm32cubeide/plugins/com.st.stm32cube.ide.mcu.externaltools.gnu-tools-for-stm32.7-2018-q2-update.win32_1.0.0.201904181610/tools/bin/../lib/gcc/arm-none-eabi/7.3.1/../../../../arm-none-eabi/lib/thumb/v7e-m/fpv4-sp/hard\libc_nano.a(lib_a-memset.o)
 .ARM.attributes
                0x0000000000000549       0x34 c:/st/stm32cubeide_1.2.0/stm32cubeide/plugins/com.st.stm32cube.ide.mcu.externaltools.gnu-tools-for-stm32.7-2018-q2-update.win32_1.0.0.201904181610/tools/bin/../lib/gcc/arm-none-eabi/7.3.1/../../../../arm-none-eabi/lib/thumb/v7e-m/fpv4-sp/hard\libc_nano.a(lib_a-nano-freer.o)
 .ARM.attributes
                0x000000000000057d       0x34 c:/st/stm32cubeide_1.2.0/stm32cubeide/plugins/com.st.stm32cube.ide.mcu.externaltools.gnu-tools-for-stm32.7-2018-q2-update.win32_1.0.0.201904181610/tools/bin/../lib/gcc/arm-none-eabi/7.3.1/../../../../arm-none-eabi/lib/thumb/v7e-m/fpv4-sp/hard\libc_nano.a(lib_a-nano-mallocr.o)
 .ARM.attributes
                0x00000000000005b1       0x34 c:/st/stm32cubeide_1.2.0/stm32cubeide/plugins/com.st.stm32cube.ide.mcu.externaltools.gnu-tools-for-stm32.7-2018-q2-update.win32_1.0.0.201904181610/tools/bin/../lib/gcc/arm-none-eabi/7.3.1/../../../../arm-none-eabi/lib/thumb/v7e-m/fpv4-sp/hard\libc_nano.a(lib_a-printf.o)
 .ARM.attributes
                0x00000000000005e5       0x34 c:/st/stm32cubeide_1.2.0/stm32cubeide/plugins/com.st.stm32cube.ide.mcu.externaltools.gnu-tools-for-stm32.7-2018-q2-update.win32_1.0.0.201904181610/tools/bin/../lib/gcc/arm-none-eabi/7.3.1/../../../../arm-none-eabi/lib/thumb/v7e-m/fpv4-sp/hard\libc_nano.a(lib_a-realloc.o)
 .ARM.attributes
                0x0000000000000619       0x34 c:/st/stm32cubeide_1.2.0/stm32cubeide/plugins/com.st.stm32cube.ide.mcu.externaltools.gnu-tools-for-stm32.7-2018-q2-update.win32_1.0.0.201904181610/tools/bin/../lib/gcc/arm-none-eabi/7.3.1/../../../../arm-none-eabi/lib/thumb/v7e-m/fpv4-sp/hard\libc_nano.a(lib_a-sbrkr.o)
 .ARM.attributes
                0x000000000000064d       0x34 c:/st/stm32cubeide_1.2.0/stm32cubeide/plugins/com.st.stm32cube.ide.mcu.externaltools.gnu-tools-for-stm32.7-2018-q2-update.win32_1.0.0.201904181610/tools/bin/../lib/gcc/arm-none-eabi/7.3.1/../../../../arm-none-eabi/lib/thumb/v7e-m/fpv4-sp/hard\libc_nano.a(lib_a-findfp.o)
 .ARM.attributes
                0x0000000000000681       0x34 c:/st/stm32cubeide_1.2.0/stm32cubeide/plugins/com.st.stm32cube.ide.mcu.externaltools.gnu-tools-for-stm32.7-2018-q2-update.win32_1.0.0.201904181610/tools/bin/../lib/gcc/arm-none-eabi/7.3.1/../../../../arm-none-eabi/lib/thumb/v7e-m/fpv4-sp/hard\libc_nano.a(lib_a-fwalk.o)
 .ARM.attributes
                0x00000000000006b5       0x34 c:/st/stm32cubeide_1.2.0/stm32cubeide/plugins/com.st.stm32cube.ide.mcu.externaltools.gnu-tools-for-stm32.7-2018-q2-update.win32_1.0.0.201904181610/tools/bin/../lib/gcc/arm-none-eabi/7.3.1/../../../../arm-none-eabi/lib/thumb/v7e-m/fpv4-sp/hard\libc_nano.a(lib_a-mlock.o)
 .ARM.attributes
                0x00000000000006e9       0x34 c:/st/stm32cubeide_1.2.0/stm32cubeide/plugins/com.st.stm32cube.ide.mcu.externaltools.gnu-tools-for-stm32.7-2018-q2-update.win32_1.0.0.201904181610/tools/bin/../lib/gcc/arm-none-eabi/7.3.1/../../../../arm-none-eabi/lib/thumb/v7e-m/fpv4-sp/hard\libc_nano.a(lib_a-nano-reallocr.o)
 .ARM.attributes
                0x000000000000071d       0x34 c:/st/stm32cubeide_1.2.0/stm32cubeide/plugins/com.st.stm32cube.ide.mcu.externaltools.gnu-tools-for-stm32.7-2018-q2-update.win32_1.0.0.201904181610/tools/bin/../lib/gcc/arm-none-eabi/7.3.1/../../../../arm-none-eabi/lib/thumb/v7e-m/fpv4-sp/hard\libc_nano.a(lib_a-nano-vfprintf.o)
 .ARM.attributes
                0x0000000000000751       0x34 c:/st/stm32cubeide_1.2.0/stm32cubeide/plugins/com.st.stm32cube.ide.mcu.externaltools.gnu-tools-for-stm32.7-2018-q2-update.win32_1.0.0.201904181610/tools/bin/../lib/gcc/arm-none-eabi/7.3.1/../../../../arm-none-eabi/lib/thumb/v7e-m/fpv4-sp/hard\libc_nano.a(lib_a-nano-vfprintf_i.o)
 .ARM.attributes
                0x0000000000000785       0x34 c:/st/stm32cubeide_1.2.0/stm32cubeide/plugins/com.st.stm32cube.ide.mcu.externaltools.gnu-tools-for-stm32.7-2018-q2-update.win32_1.0.0.201904181610/tools/bin/../lib/gcc/arm-none-eabi/7.3.1/../../../../arm-none-eabi/lib/thumb/v7e-m/fpv4-sp/hard\libc_nano.a(lib_a-reent.o)
 .ARM.attributes
                0x00000000000007b9       0x34 c:/st/stm32cubeide_1.2.0/stm32cubeide/plugins/com.st.stm32cube.ide.mcu.externaltools.gnu-tools-for-stm32.7-2018-q2-update.win32_1.0.0.201904181610/tools/bin/../lib/gcc/arm-none-eabi/7.3.1/../../../../arm-none-eabi/lib/thumb/v7e-m/fpv4-sp/hard\libc_nano.a(lib_a-stdio.o)
 .ARM.attributes
                0x00000000000007ed       0x34 c:/st/stm32cubeide_1.2.0/stm32cubeide/plugins/com.st.stm32cube.ide.mcu.externaltools.gnu-tools-for-stm32.7-2018-q2-update.win32_1.0.0.201904181610/tools/bin/../lib/gcc/arm-none-eabi/7.3.1/../../../../arm-none-eabi/lib/thumb/v7e-m/fpv4-sp/hard\libc_nano.a(lib_a-wbuf.o)
 .ARM.attributes
                0x0000000000000821       0x34 c:/st/stm32cubeide_1.2.0/stm32cubeide/plugins/com.st.stm32cube.ide.mcu.externaltools.gnu-tools-for-stm32.7-2018-q2-update.win32_1.0.0.201904181610/tools/bin/../lib/gcc/arm-none-eabi/7.3.1/../../../../arm-none-eabi/lib/thumb/v7e-m/fpv4-sp/hard\libc_nano.a(lib_a-writer.o)
 .ARM.attributes
                0x0000000000000855       0x34 c:/st/stm32cubeide_1.2.0/stm32cubeide/plugins/com.st.stm32cube.ide.mcu.externaltools.gnu-tools-for-stm32.7-2018-q2-update.win32_1.0.0.201904181610/tools/bin/../lib/gcc/arm-none-eabi/7.3.1/../../../../arm-none-eabi/lib/thumb/v7e-m/fpv4-sp/hard\libc_nano.a(lib_a-wsetup.o)
 .ARM.attributes
                0x0000000000000889       0x34 c:/st/stm32cubeide_1.2.0/stm32cubeide/plugins/com.st.stm32cube.ide.mcu.externaltools.gnu-tools-for-stm32.7-2018-q2-update.win32_1.0.0.201904181610/tools/bin/../lib/gcc/arm-none-eabi/7.3.1/../../../../arm-none-eabi/lib/thumb/v7e-m/fpv4-sp/hard\libc_nano.a(lib_a-closer.o)
 .ARM.attributes
                0x00000000000008bd       0x34 c:/st/stm32cubeide_1.2.0/stm32cubeide/plugins/com.st.stm32cube.ide.mcu.externaltools.gnu-tools-for-stm32.7-2018-q2-update.win32_1.0.0.201904181610/tools/bin/../lib/gcc/arm-none-eabi/7.3.1/../../../../arm-none-eabi/lib/thumb/v7e-m/fpv4-sp/hard\libc_nano.a(lib_a-fflush.o)
 .ARM.attributes
                0x00000000000008f1       0x34 c:/st/stm32cubeide_1.2.0/stm32cubeide/plugins/com.st.stm32cube.ide.mcu.externaltools.gnu-tools-for-stm32.7-2018-q2-update.win32_1.0.0.201904181610/tools/bin/../lib/gcc/arm-none-eabi/7.3.1/../../../../arm-none-eabi/lib/thumb/v7e-m/fpv4-sp/hard\libc_nano.a(lib_a-lseekr.o)
 .ARM.attributes
                0x0000000000000925       0x34 c:/st/stm32cubeide_1.2.0/stm32cubeide/plugins/com.st.stm32cube.ide.mcu.externaltools.gnu-tools-for-stm32.7-2018-q2-update.win32_1.0.0.201904181610/tools/bin/../lib/gcc/arm-none-eabi/7.3.1/../../../../arm-none-eabi/lib/thumb/v7e-m/fpv4-sp/hard\libc_nano.a(lib_a-makebuf.o)
 .ARM.attributes
                0x0000000000000959       0x20 c:/st/stm32cubeide_1.2.0/stm32cubeide/plugins/com.st.stm32cube.ide.mcu.externaltools.gnu-tools-for-stm32.7-2018-q2-update.win32_1.0.0.201904181610/tools/bin/../lib/gcc/arm-none-eabi/7.3.1/../../../../arm-none-eabi/lib/thumb/v7e-m/fpv4-sp/hard\libc_nano.a(lib_a-memchr.o)
 .ARM.attributes
                0x0000000000000979       0x34 c:/st/stm32cubeide_1.2.0/stm32cubeide/plugins/com.st.stm32cube.ide.mcu.externaltools.gnu-tools-for-stm32.7-2018-q2-update.win32_1.0.0.201904181610/tools/bin/../lib/gcc/arm-none-eabi/7.3.1/../../../../arm-none-eabi/lib/thumb/v7e-m/fpv4-sp/hard\libc_nano.a(lib_a-memcpy-stub.o)
 .ARM.attributes
                0x00000000000009ad       0x34 c:/st/stm32cubeide_1.2.0/stm32cubeide/plugins/com.st.stm32cube.ide.mcu.externaltools.gnu-tools-for-stm32.7-2018-q2-update.win32_1.0.0.201904181610/tools/bin/../lib/gcc/arm-none-eabi/7.3.1/../../../../arm-none-eabi/lib/thumb/v7e-m/fpv4-sp/hard\libc_nano.a(lib_a-nano-msizer.o)
 .ARM.attributes
                0x00000000000009e1       0x34 c:/st/stm32cubeide_1.2.0/stm32cubeide/plugins/com.st.stm32cube.ide.mcu.externaltools.gnu-tools-for-stm32.7-2018-q2-update.win32_1.0.0.201904181610/tools/bin/../lib/gcc/arm-none-eabi/7.3.1/../../../../arm-none-eabi/lib/thumb/v7e-m/fpv4-sp/hard\libc_nano.a(lib_a-readr.o)
 .ARM.attributes
                0x0000000000000a15       0x34 c:/st/stm32cubeide_1.2.0/stm32cubeide/plugins/com.st.stm32cube.ide.mcu.externaltools.gnu-tools-for-stm32.7-2018-q2-update.win32_1.0.0.201904181610/tools/bin/../lib/gcc/arm-none-eabi/7.3.1/../../../../arm-none-eabi/lib/thumb/v7e-m/fpv4-sp/hard\libc_nano.a(lib_a-fstatr.o)
 .ARM.attributes
                0x0000000000000a49       0x34 c:/st/stm32cubeide_1.2.0/stm32cubeide/plugins/com.st.stm32cube.ide.mcu.externaltools.gnu-tools-for-stm32.7-2018-q2-update.win32_1.0.0.201904181610/tools/bin/../lib/gcc/arm-none-eabi/7.3.1/../../../../arm-none-eabi/lib/thumb/v7e-m/fpv4-sp/hard\libc_nano.a(lib_a-isattyr.o)
 .ARM.attributes
                0x0000000000000a7d       0x22 c:/st/stm32cubeide_1.2.0/stm32cubeide/plugins/com.st.stm32cube.ide.mcu.externaltools.gnu-tools-for-stm32.7-2018-q2-update.win32_1.0.0.201904181610/tools/bin/../lib/gcc/arm-none-eabi/7.3.1/thumb/v7e-m/fpv4-sp/hard\libgcc.a(_aeabi_uldivmod.o)
 .ARM.attributes
                0x0000000000000a9f       0x34 c:/st/stm32cubeide_1.2.0/stm32cubeide/plugins/com.st.stm32cube.ide.mcu.externaltools.gnu-tools-for-stm32.7-2018-q2-update.win32_1.0.0.201904181610/tools/bin/../lib/gcc/arm-none-eabi/7.3.1/thumb/v7e-m/fpv4-sp/hard\libgcc.a(_udivmoddi4.o)
 .ARM.attributes
                0x0000000000000ad3       0x22 c:/st/stm32cubeide_1.2.0/stm32cubeide/plugins/com.st.stm32cube.ide.mcu.externaltools.gnu-tools-for-stm32.7-2018-q2-update.win32_1.0.0.201904181610/tools/bin/../lib/gcc/arm-none-eabi/7.3.1/thumb/v7e-m/fpv4-sp/hard\libgcc.a(_dvmd_tls.o)
 .ARM.attributes
                0x0000000000000af5       0x22 c:/st/stm32cubeide_1.2.0/stm32cubeide/plugins/com.st.stm32cube.ide.mcu.externaltools.gnu-tools-for-stm32.7-2018-q2-update.win32_1.0.0.201904181610/tools/bin/../lib/gcc/arm-none-eabi/7.3.1/thumb/v7e-m/fpv4-sp/hard/crtn.o
OUTPUT(STM32L433CCU6.elf elf32-littlearm)

.debug_info     0x0000000000000000    0x109bc
 .debug_info    0x0000000000000000     0x2f0e Core/Src/main.o
 .debug_info    0x0000000000002f0e      0xdd1 Core/Src/stm32l4xx_hal_msp.o
 .debug_info    0x0000000000003cdf     0x141c Core/Src/stm32l4xx_it.o
 .debug_info    0x00000000000050fb      0xebd Core/Src/syscalls.o
 .debug_info    0x0000000000005fb8      0x91c Core/Src/sysmem.o
 .debug_info    0x00000000000068d4      0x703 Core/Src/system_stm32l4xx.o
 .debug_info    0x0000000000006fd7       0x22 Core/Startup/startup_stm32l433ccux.o
 .debug_info    0x0000000000006ff9      0xb93 Drivers/STM32L4xx_HAL_Driver/Src/stm32l4xx_hal.o
 .debug_info    0x0000000000007b8c      0xee2 Drivers/STM32L4xx_HAL_Driver/Src/stm32l4xx_hal_cortex.o
 .debug_info    0x0000000000008a6e      0x8c1 Drivers/STM32L4xx_HAL_Driver/Src/stm32l4xx_hal_dma.o
 .debug_info    0x000000000000932f      0x982 Drivers/STM32L4xx_HAL_Driver/Src/stm32l4xx_hal_gpio.o
 .debug_info    0x0000000000009cb1      0xcad Drivers/STM32L4xx_HAL_Driver/Src/stm32l4xx_hal_rcc.o
 .debug_info    0x000000000000a95e     0x181b Drivers/STM32L4xx_HAL_Driver/Src/stm32l4xx_hal_uart.o
 .debug_info    0x000000000000c179      0xa06 Drivers/STM32L4xx_HAL_Driver/Src/stm32l4xx_hal_uart_ex.o
 .debug_info    0x000000000000cb7f      0xcf1 Drivers/STM32L4xx_HAL_Driver/Src/stm32l4xx_ll_adc.o
 .debug_info    0x000000000000d870      0xa6d Drivers/STM32L4xx_HAL_Driver/Src/stm32l4xx_ll_gpio.o
 .debug_info    0x000000000000e2dd      0x764 Drivers/STM32L4xx_HAL_Driver/Src/stm32l4xx_ll_spi.o
 .debug_info    0x000000000000ea41     0x1272 Drivers/STM32L4xx_HAL_Driver/Src/stm32l4xx_ll_tim.o
 .debug_info    0x000000000000fcb3      0xd09 Drivers/STM32L4xx_HAL_Driver/Src/stm32l4xx_ll_utils.o

.debug_abbrev   0x0000000000000000     0x2543
 .debug_abbrev  0x0000000000000000      0x401 Core/Src/main.o
 .debug_abbrev  0x0000000000000401      0x195 Core/Src/stm32l4xx_hal_msp.o
 .debug_abbrev  0x0000000000000596      0x20a Core/Src/stm32l4xx_it.o
 .debug_abbrev  0x00000000000007a0      0x261 Core/Src/syscalls.o
 .debug_abbrev  0x0000000000000a01      0x1bb Core/Src/sysmem.o
 .debug_abbrev  0x0000000000000bbc      0x150 Core/Src/system_stm32l4xx.o
 .debug_abbrev  0x0000000000000d0c       0x12 Core/Startup/startup_stm32l433ccux.o
 .debug_abbrev  0x0000000000000d1e      0x1fb Drivers/STM32L4xx_HAL_Driver/Src/stm32l4xx_hal.o
 .debug_abbrev  0x0000000000000f19      0x2fa Drivers/STM32L4xx_HAL_Driver/Src/stm32l4xx_hal_cortex.o
 .debug_abbrev  0x0000000000001213      0x1d9 Drivers/STM32L4xx_HAL_Driver/Src/stm32l4xx_hal_dma.o
 .debug_abbrev  0x00000000000013ec      0x1c0 Drivers/STM32L4xx_HAL_Driver/Src/stm32l4xx_hal_gpio.o
 .debug_abbrev  0x00000000000015ac      0x245 Drivers/STM32L4xx_HAL_Driver/Src/stm32l4xx_hal_rcc.o
 .debug_abbrev  0x00000000000017f1      0x205 Drivers/STM32L4xx_HAL_Driver/Src/stm32l4xx_hal_uart.o
 .debug_abbrev  0x00000000000019f6      0x1e2 Drivers/STM32L4xx_HAL_Driver/Src/stm32l4xx_hal_uart_ex.o
 .debug_abbrev  0x0000000000001bd8      0x19e Drivers/STM32L4xx_HAL_Driver/Src/stm32l4xx_ll_adc.o
 .debug_abbrev  0x0000000000001d76      0x201 Drivers/STM32L4xx_HAL_Driver/Src/stm32l4xx_ll_gpio.o
 .debug_abbrev  0x0000000000001f77      0x195 Drivers/STM32L4xx_HAL_Driver/Src/stm32l4xx_ll_spi.o
 .debug_abbrev  0x000000000000210c      0x1ff Drivers/STM32L4xx_HAL_Driver/Src/stm32l4xx_ll_tim.o
 .debug_abbrev  0x000000000000230b      0x238 Drivers/STM32L4xx_HAL_Driver/Src/stm32l4xx_ll_utils.o

.debug_aranges  0x0000000000000000      0xe28
 .debug_aranges
                0x0000000000000000      0x218 Core/Src/main.o
 .debug_aranges
                0x0000000000000218       0x30 Core/Src/stm32l4xx_hal_msp.o
 .debug_aranges
                0x0000000000000248       0x80 Core/Src/stm32l4xx_it.o
 .debug_aranges
                0x00000000000002c8       0xa8 Core/Src/syscalls.o
 .debug_aranges
                0x0000000000000370       0x20 Core/Src/sysmem.o
 .debug_aranges
                0x0000000000000390       0x28 Core/Src/system_stm32l4xx.o
 .debug_aranges
                0x00000000000003b8       0x28 Core/Startup/startup_stm32l433ccux.o
 .debug_aranges
                0x00000000000003e0      0x130 Drivers/STM32L4xx_HAL_Driver/Src/stm32l4xx_hal.o
 .debug_aranges
                0x0000000000000510      0x118 Drivers/STM32L4xx_HAL_Driver/Src/stm32l4xx_hal_cortex.o
 .debug_aranges
                0x0000000000000628       0x80 Drivers/STM32L4xx_HAL_Driver/Src/stm32l4xx_hal_dma.o
 .debug_aranges
                0x00000000000006a8       0x58 Drivers/STM32L4xx_HAL_Driver/Src/stm32l4xx_hal_gpio.o
 .debug_aranges
                0x0000000000000700       0x88 Drivers/STM32L4xx_HAL_Driver/Src/stm32l4xx_hal_rcc.o
 .debug_aranges
                0x0000000000000788      0x210 Drivers/STM32L4xx_HAL_Driver/Src/stm32l4xx_hal_uart.o
 .debug_aranges
                0x0000000000000998       0x60 Drivers/STM32L4xx_HAL_Driver/Src/stm32l4xx_hal_uart_ex.o
 .debug_aranges
                0x00000000000009f8       0xe8 Drivers/STM32L4xx_HAL_Driver/Src/stm32l4xx_ll_adc.o
 .debug_aranges
                0x0000000000000ae0       0x70 Drivers/STM32L4xx_HAL_Driver/Src/stm32l4xx_ll_gpio.o
 .debug_aranges
                0x0000000000000b50       0x60 Drivers/STM32L4xx_HAL_Driver/Src/stm32l4xx_ll_spi.o
 .debug_aranges
                0x0000000000000bb0      0x148 Drivers/STM32L4xx_HAL_Driver/Src/stm32l4xx_ll_tim.o
 .debug_aranges
                0x0000000000000cf8      0x130 Drivers/STM32L4xx_HAL_Driver/Src/stm32l4xx_ll_utils.o

.debug_ranges   0x0000000000000000      0xd00
 .debug_ranges  0x0000000000000000      0x208 Core/Src/main.o
 .debug_ranges  0x0000000000000208       0x20 Core/Src/stm32l4xx_hal_msp.o
 .debug_ranges  0x0000000000000228       0x70 Core/Src/stm32l4xx_it.o
 .debug_ranges  0x0000000000000298       0x98 Core/Src/syscalls.o
 .debug_ranges  0x0000000000000330       0x10 Core/Src/sysmem.o
 .debug_ranges  0x0000000000000340       0x18 Core/Src/system_stm32l4xx.o
 .debug_ranges  0x0000000000000358       0x20 Core/Startup/startup_stm32l433ccux.o
 .debug_ranges  0x0000000000000378      0x120 Drivers/STM32L4xx_HAL_Driver/Src/stm32l4xx_hal.o
 .debug_ranges  0x0000000000000498      0x108 Drivers/STM32L4xx_HAL_Driver/Src/stm32l4xx_hal_cortex.o
 .debug_ranges  0x00000000000005a0       0x70 Drivers/STM32L4xx_HAL_Driver/Src/stm32l4xx_hal_dma.o
 .debug_ranges  0x0000000000000610       0x48 Drivers/STM32L4xx_HAL_Driver/Src/stm32l4xx_hal_gpio.o
 .debug_ranges  0x0000000000000658       0x78 Drivers/STM32L4xx_HAL_Driver/Src/stm32l4xx_hal_rcc.o
 .debug_ranges  0x00000000000006d0      0x200 Drivers/STM32L4xx_HAL_Driver/Src/stm32l4xx_hal_uart.o
 .debug_ranges  0x00000000000008d0       0x50 Drivers/STM32L4xx_HAL_Driver/Src/stm32l4xx_hal_uart_ex.o
 .debug_ranges  0x0000000000000920       0xd8 Drivers/STM32L4xx_HAL_Driver/Src/stm32l4xx_ll_adc.o
 .debug_ranges  0x00000000000009f8       0x60 Drivers/STM32L4xx_HAL_Driver/Src/stm32l4xx_ll_gpio.o
 .debug_ranges  0x0000000000000a58       0x50 Drivers/STM32L4xx_HAL_Driver/Src/stm32l4xx_ll_spi.o
 .debug_ranges  0x0000000000000aa8      0x138 Drivers/STM32L4xx_HAL_Driver/Src/stm32l4xx_ll_tim.o
 .debug_ranges  0x0000000000000be0      0x120 Drivers/STM32L4xx_HAL_Driver/Src/stm32l4xx_ll_utils.o

.debug_macro    0x0000000000000000    0x27f25
 .debug_macro   0x0000000000000000      0x3ee Core/Src/main.o
 .debug_macro   0x00000000000003ee      0xa60 Core/Src/main.o
 .debug_macro   0x0000000000000e4e       0xba Core/Src/main.o
 .debug_macro   0x0000000000000f08       0x2e Core/Src/main.o
 .debug_macro   0x0000000000000f36       0x28 Core/Src/main.o
 .debug_macro   0x0000000000000f5e       0x22 Core/Src/main.o
 .debug_macro   0x0000000000000f80       0x8e Core/Src/main.o
 .debug_macro   0x000000000000100e       0x51 Core/Src/main.o
 .debug_macro   0x000000000000105f       0xef Core/Src/main.o
 .debug_macro   0x000000000000114e       0x6a Core/Src/main.o
 .debug_macro   0x00000000000011b8      0x1df Core/Src/main.o
 .debug_macro   0x0000000000001397       0x1c Core/Src/main.o
 .debug_macro   0x00000000000013b3       0x22 Core/Src/main.o
 .debug_macro   0x00000000000013d5       0xdf Core/Src/main.o
 .debug_macro   0x00000000000014b4     0x102d Core/Src/main.o
 .debug_macro   0x00000000000024e1      0x11f Core/Src/main.o
 .debug_macro   0x0000000000002600    0x16122 Core/Src/main.o
 .debug_macro   0x0000000000018722       0x43 Core/Src/main.o
 .debug_macro   0x0000000000018765     0x3890 Core/Src/main.o
 .debug_macro   0x000000000001bff5      0x174 Core/Src/main.o
 .debug_macro   0x000000000001c169       0x5c Core/Src/main.o
 .debug_macro   0x000000000001c1c5     0x1375 Core/Src/main.o
 .debug_macro   0x000000000001d53a      0x5d6 Core/Src/main.o
 .debug_macro   0x000000000001db10      0x241 Core/Src/main.o
 .debug_macro   0x000000000001dd51      0x13d Core/Src/main.o
 .debug_macro   0x000000000001de8e      0x130 Core/Src/main.o
 .debug_macro   0x000000000001dfbe      0x26b Core/Src/main.o
 .debug_macro   0x000000000001e229      0x23d Core/Src/main.o
 .debug_macro   0x000000000001e466      0x375 Core/Src/main.o
 .debug_macro   0x000000000001e7db       0xd6 Core/Src/main.o
 .debug_macro   0x000000000001e8b1      0x22c Core/Src/main.o
 .debug_macro   0x000000000001eadd       0x5e Core/Src/main.o
 .debug_macro   0x000000000001eb3b       0xa5 Core/Src/main.o
 .debug_macro   0x000000000001ebe0      0x122 Core/Src/main.o
 .debug_macro   0x000000000001ed02      0x365 Core/Src/main.o
 .debug_macro   0x000000000001f067      0x59e Core/Src/main.o
 .debug_macro   0x000000000001f605       0x44 Core/Src/main.o
 .debug_macro   0x000000000001f649      0x287 Core/Src/main.o
 .debug_macro   0x000000000001f8d0      0xdd8 Core/Src/main.o
 .debug_macro   0x00000000000206a8       0xd0 Core/Src/main.o
 .debug_macro   0x0000000000020778      0x7be Core/Src/main.o
 .debug_macro   0x0000000000020f36      0x175 Core/Src/main.o
 .debug_macro   0x00000000000210ab      0x242 Core/Src/main.o
 .debug_macro   0x00000000000212ed      0x14f Core/Src/main.o
 .debug_macro   0x000000000002143c      0x1a7 Core/Src/main.o
 .debug_macro   0x00000000000215e3       0xa7 Core/Src/main.o
 .debug_macro   0x000000000002168a      0x1ed Core/Src/main.o
 .debug_macro   0x0000000000021877      0x2cb Core/Src/main.o
 .debug_macro   0x0000000000021b42      0x1d3 Core/Src/main.o
 .debug_macro   0x0000000000021d15      0x905 Core/Src/main.o
 .debug_macro   0x000000000002261a      0x16a Core/Src/main.o
 .debug_macro   0x0000000000022784       0x16 Core/Src/main.o
 .debug_macro   0x000000000002279a       0x46 Core/Src/main.o
 .debug_macro   0x00000000000227e0       0x18 Core/Src/main.o
 .debug_macro   0x00000000000227f8       0x3c Core/Src/main.o
 .debug_macro   0x0000000000022834       0x34 Core/Src/main.o
 .debug_macro   0x0000000000022868       0x16 Core/Src/main.o
 .debug_macro   0x000000000002287e       0x35 Core/Src/main.o
 .debug_macro   0x00000000000228b3      0x32a Core/Src/main.o
 .debug_macro   0x0000000000022bdd       0x10 Core/Src/main.o
 .debug_macro   0x0000000000022bed       0x52 Core/Src/main.o
 .debug_macro   0x0000000000022c3f       0x1f Core/Src/main.o
 .debug_macro   0x0000000000022c5e       0x43 Core/Src/main.o
 .debug_macro   0x0000000000022ca1       0x20 Core/Src/main.o
 .debug_macro   0x0000000000022cc1      0x1a3 Core/Src/main.o
 .debug_macro   0x0000000000022e64       0x10 Core/Src/main.o
 .debug_macro   0x0000000000022e74       0x1c Core/Src/main.o
 .debug_macro   0x0000000000022e90       0x52 Core/Src/main.o
 .debug_macro   0x0000000000022ee2       0x40 Core/Src/main.o
 .debug_macro   0x0000000000022f22       0x10 Core/Src/main.o
 .debug_macro   0x0000000000022f32       0x40 Core/Src/main.o
 .debug_macro   0x0000000000022f72       0xd7 Core/Src/main.o
 .debug_macro   0x0000000000023049       0x1c Core/Src/main.o
 .debug_macro   0x0000000000023065       0x3d Core/Src/main.o
 .debug_macro   0x00000000000230a2       0x16 Core/Src/main.o
 .debug_macro   0x00000000000230b8      0x145 Core/Src/main.o
 .debug_macro   0x00000000000231fd       0x4c Core/Src/main.o
 .debug_macro   0x0000000000023249       0x16 Core/Src/main.o
 .debug_macro   0x000000000002325f       0x20 Core/Src/main.o
 .debug_macro   0x000000000002327f      0x259 Core/Src/stm32l4xx_hal_msp.o
 .debug_macro   0x00000000000234d8      0x322 Core/Src/stm32l4xx_it.o
 .debug_macro   0x00000000000237fa       0x16 Core/Src/stm32l4xx_it.o
 .debug_macro   0x0000000000023810       0x16 Core/Src/stm32l4xx_it.o
 .debug_macro   0x0000000000023826       0x29 Core/Src/stm32l4xx_it.o
 .debug_macro   0x000000000002384f      0x243 Core/Src/syscalls.o
 .debug_macro   0x0000000000023a92       0x40 Core/Src/syscalls.o
 .debug_macro   0x0000000000023ad2       0x94 Core/Src/syscalls.o
 .debug_macro   0x0000000000023b66       0x57 Core/Src/syscalls.o
 .debug_macro   0x0000000000023bbd      0x330 Core/Src/syscalls.o
 .debug_macro   0x0000000000023eed       0x10 Core/Src/syscalls.o
 .debug_macro   0x0000000000023efd       0x10 Core/Src/syscalls.o
 .debug_macro   0x0000000000023f0d       0x10 Core/Src/syscalls.o
 .debug_macro   0x0000000000023f1d       0x35 Core/Src/syscalls.o
 .debug_macro   0x0000000000023f52      0x122 Core/Src/syscalls.o
 .debug_macro   0x0000000000024074       0x10 Core/Src/syscalls.o
 .debug_macro   0x0000000000024084      0x241 Core/Src/syscalls.o
 .debug_macro   0x00000000000242c5       0x1c Core/Src/syscalls.o
 .debug_macro   0x00000000000242e1       0x10 Core/Src/syscalls.o
 .debug_macro   0x00000000000242f1      0x189 Core/Src/syscalls.o
 .debug_macro   0x000000000002447a       0x16 Core/Src/syscalls.o
 .debug_macro   0x0000000000024490       0x88 Core/Src/syscalls.o
 .debug_macro   0x0000000000024518      0x1ae Core/Src/sysmem.o
 .debug_macro   0x00000000000246c6      0x23b Core/Src/sysmem.o
 .debug_macro   0x0000000000024901      0x1db Core/Src/system_stm32l4xx.o
 .debug_macro   0x0000000000024adc      0x223 Drivers/STM32L4xx_HAL_Driver/Src/stm32l4xx_hal.o
 .debug_macro   0x0000000000024cff      0x1d5 Drivers/STM32L4xx_HAL_Driver/Src/stm32l4xx_hal_cortex.o
 .debug_macro   0x0000000000024ed4      0x1d5 Drivers/STM32L4xx_HAL_Driver/Src/stm32l4xx_hal_dma.o
 .debug_macro   0x00000000000250a9      0x214 Drivers/STM32L4xx_HAL_Driver/Src/stm32l4xx_hal_gpio.o
 .debug_macro   0x00000000000252bd      0x217 Drivers/STM32L4xx_HAL_Driver/Src/stm32l4xx_hal_rcc.o
 .debug_macro   0x00000000000254d4      0x200 Drivers/STM32L4xx_HAL_Driver/Src/stm32l4xx_hal_uart.o
 .debug_macro   0x00000000000256d4      0x1d5 Drivers/STM32L4xx_HAL_Driver/Src/stm32l4xx_hal_uart_ex.o
 .debug_macro   0x00000000000258a9      0x269 Drivers/STM32L4xx_HAL_Driver/Src/stm32l4xx_ll_adc.o
 .debug_macro   0x0000000000025b12      0xdd2 Drivers/STM32L4xx_HAL_Driver/Src/stm32l4xx_ll_adc.o
 .debug_macro   0x00000000000268e4      0x217 Drivers/STM32L4xx_HAL_Driver/Src/stm32l4xx_ll_gpio.o
 .debug_macro   0x0000000000026afb      0x164 Drivers/STM32L4xx_HAL_Driver/Src/stm32l4xx_ll_gpio.o
 .debug_macro   0x0000000000026c5f      0x235 Drivers/STM32L4xx_HAL_Driver/Src/stm32l4xx_ll_spi.o
 .debug_macro   0x0000000000026e94      0x1cd Drivers/STM32L4xx_HAL_Driver/Src/stm32l4xx_ll_spi.o
 .debug_macro   0x0000000000027061      0x27e Drivers/STM32L4xx_HAL_Driver/Src/stm32l4xx_ll_tim.o
 .debug_macro   0x00000000000272df      0x8ff Drivers/STM32L4xx_HAL_Driver/Src/stm32l4xx_ll_tim.o
 .debug_macro   0x0000000000027bde      0x2a6 Drivers/STM32L4xx_HAL_Driver/Src/stm32l4xx_ll_utils.o
 .debug_macro   0x0000000000027e84       0xa1 Drivers/STM32L4xx_HAL_Driver/Src/stm32l4xx_ll_utils.o

.debug_line     0x0000000000000000     0xb33d
 .debug_line    0x0000000000000000     0x11fc Core/Src/main.o
 .debug_line    0x00000000000011fc      0x834 Core/Src/stm32l4xx_hal_msp.o
 .debug_line    0x0000000000001a30      0xa70 Core/Src/stm32l4xx_it.o
 .debug_line    0x00000000000024a0      0x742 Core/Src/syscalls.o
 .debug_line    0x0000000000002be2      0x55e Core/Src/sysmem.o
 .debug_line    0x0000000000003140      0x707 Core/Src/system_stm32l4xx.o
 .debug_line    0x0000000000003847       0x85 Core/Startup/startup_stm32l433ccux.o
 .debug_line    0x00000000000038cc      0x97a Drivers/STM32L4xx_HAL_Driver/Src/stm32l4xx_hal.o
 .debug_line    0x0000000000004246      0xa03 Drivers/STM32L4xx_HAL_Driver/Src/stm32l4xx_hal_cortex.o
 .debug_line    0x0000000000004c49      0x900 Drivers/STM32L4xx_HAL_Driver/Src/stm32l4xx_hal_dma.o
 .debug_line    0x0000000000005549      0x86e Drivers/STM32L4xx_HAL_Driver/Src/stm32l4xx_hal_gpio.o
 .debug_line    0x0000000000005db7      0xa02 Drivers/STM32L4xx_HAL_Driver/Src/stm32l4xx_hal_rcc.o
 .debug_line    0x00000000000067b9     0x1247 Drivers/STM32L4xx_HAL_Driver/Src/stm32l4xx_hal_uart.o
 .debug_line    0x0000000000007a00      0x82f Drivers/STM32L4xx_HAL_Driver/Src/stm32l4xx_hal_uart_ex.o
 .debug_line    0x000000000000822f      0x9d6 Drivers/STM32L4xx_HAL_Driver/Src/stm32l4xx_ll_adc.o
 .debug_line    0x0000000000008c05      0x8ba Drivers/STM32L4xx_HAL_Driver/Src/stm32l4xx_ll_gpio.o
 .debug_line    0x00000000000094bf      0x7e6 Drivers/STM32L4xx_HAL_Driver/Src/stm32l4xx_ll_spi.o
 .debug_line    0x0000000000009ca5      0xb7d Drivers/STM32L4xx_HAL_Driver/Src/stm32l4xx_ll_tim.o
 .debug_line    0x000000000000a822      0xb1b Drivers/STM32L4xx_HAL_Driver/Src/stm32l4xx_ll_utils.o

.debug_str      0x0000000000000000    0xead19
 .debug_str     0x0000000000000000    0xe26e8 Core/Src/main.o
                                      0xe3799 (size before relaxing)
 .debug_str     0x00000000000e26e8       0x50 Core/Src/stm32l4xx_hal_msp.o
                                      0xde8ca (size before relaxing)
 .debug_str     0x00000000000e2738      0x1f9 Core/Src/stm32l4xx_it.o
                                      0xe14f7 (size before relaxing)
 .debug_str     0x00000000000e2931     0x10f8 Core/Src/syscalls.o
                                       0x88a3 (size before relaxing)
 .debug_str     0x00000000000e3a29       0x36 Core/Src/sysmem.o
                                       0x7afc (size before relaxing)
 .debug_str     0x00000000000e3a5f       0x79 Core/Src/system_stm32l4xx.o
                                      0xc4fbb (size before relaxing)
 .debug_str     0x00000000000e3ad8       0x36 Core/Startup/startup_stm32l433ccux.o
                                         0x69 (size before relaxing)
 .debug_str     0x00000000000e3b0e      0x5a8 Drivers/STM32L4xx_HAL_Driver/Src/stm32l4xx_hal.o
                                      0xc59c1 (size before relaxing)
 .debug_str     0x00000000000e40b6      0x2fe Drivers/STM32L4xx_HAL_Driver/Src/stm32l4xx_hal_cortex.o
                                      0xc573a (size before relaxing)
 .debug_str     0x00000000000e43b4      0x258 Drivers/STM32L4xx_HAL_Driver/Src/stm32l4xx_hal_dma.o
                                      0xc5210 (size before relaxing)
 .debug_str     0x00000000000e460c      0x24c Drivers/STM32L4xx_HAL_Driver/Src/stm32l4xx_hal_gpio.o
                                      0xc5235 (size before relaxing)
 .debug_str     0x00000000000e4858      0x483 Drivers/STM32L4xx_HAL_Driver/Src/stm32l4xx_hal_rcc.o
                                      0xc5537 (size before relaxing)
 .debug_str     0x00000000000e4cdb      0x847 Drivers/STM32L4xx_HAL_Driver/Src/stm32l4xx_hal_uart.o
                                      0xc5b85 (size before relaxing)
 .debug_str     0x00000000000e5522      0x185 Drivers/STM32L4xx_HAL_Driver/Src/stm32l4xx_hal_uart_ex.o
                                      0xc535e (size before relaxing)