core_cm4.h:1676:26:__NVIC_GetPriorityGrouping	4	static
core_cm4.h:1688:22:__NVIC_EnableIRQ	16	static
core_cm4.h:1816:22:__NVIC_SetPriority	16	static
core_cm4.h:1863:26:NVIC_EncodePriority	40	static
stm32l4xx_ll_adc.h:2504:22:LL_ADC_SetCommonPathInternalCh	16	static
stm32l4xx_ll_adc.h:3537:22:LL_ADC_REG_SetSequencerRanks	24	static
stm32l4xx_ll_adc.h:4703:22:LL_ADC_SetChannelSamplingTime	24	static
stm32l4xx_ll_adc.h:4857:22:LL_ADC_SetChannelSingleDiff	24	static
stm32l4xx_ll_adc.h:5910:22:LL_ADC_DisableDeepPowerDown	16	static
stm32l4xx_ll_adc.h:5943:22:LL_ADC_EnableInternalRegulator	16	static
stm32l4xx_ll_adc.h:7156:22:LL_ADC_DisableIT_EOC	16	static
stm32l4xx_ll_adc.h:7167:22:LL_ADC_DisableIT_EOS	16	static
stm32l4xx_ll_rcc.h:2125:22:LL_RCC_HSI_Enable	4	static
stm32l4xx_ll_rcc.h:2145:26:LL_RCC_HSI_IsReady	4	static
stm32l4xx_ll_rcc.h:2190:22:LL_RCC_HSI_SetCalibTrimming	16	static
stm32l4xx_ll_rcc.h:2740:22:LL_RCC_SetSysClkSource	16	static
stm32l4xx_ll_rcc.h:2754:26:LL_RCC_GetSysClkSource	4	static
stm32l4xx_ll_rcc.h:2774:22:LL_RCC_SetAHBPrescaler	16	static
stm32l4xx_ll_rcc.h:2790:22:LL_RCC_SetAPB1Prescaler	16	static
stm32l4xx_ll_rcc.h:2806:22:LL_RCC_SetAPB2Prescaler	16	static
stm32l4xx_ll_rcc.h:2950:22:LL_RCC_SetUSARTClockSource	16	static
stm32l4xx_ll_rcc.h:3153:22:LL_RCC_SetADCClockSource	16	static
stm32l4xx_ll_rcc.h:3731:22:LL_RCC_PLL_Enable	4	static
stm32l4xx_ll_rcc.h:3752:26:LL_RCC_PLL_IsReady	4	static
stm32l4xx_ll_rcc.h:3798:22:LL_RCC_PLL_ConfigDomain_SYS	24	static
stm32l4xx_ll_rcc.h:4176:22:LL_RCC_PLL_EnableDomain_SYS	4	static
stm32l4xx_ll_bus.h:565:22:LL_AHB2_GRP1_EnableClock	24	static
stm32l4xx_ll_bus.h:1089:22:LL_APB1_GRP1_EnableClock	24	static
stm32l4xx_ll_bus.h:1675:22:LL_APB2_GRP1_EnableClock	24	static
stm32l4xx_ll_system.h:1400:22:LL_FLASH_SetLatency	16	static
stm32l4xx_ll_system.h:1428:26:LL_FLASH_GetLatency	4	static
stm32l4xx_ll_pwr.h:344:22:LL_PWR_SetRegulVoltageScaling	16	static
stm32l4xx_ll_spi.h:427:22:LL_SPI_SetStandard	16	static
stm32l4xx_ll_spi.h:863:22:LL_SPI_EnableNSSPulseMgt	16	static
stm32l4xx_ll_tim.h:1423:22:LL_TIM_EnableCounter	16	static
stm32l4xx_ll_tim.h:1605:22:LL_TIM_DisableARRPreload	16	static
stm32l4xx_ll_tim.h:2794:22:LL_TIM_IC_SetActiveInput	32	static
stm32l4xx_ll_tim.h:2844:22:LL_TIM_IC_SetPrescaler	32	static
stm32l4xx_ll_tim.h:2907:22:LL_TIM_IC_SetFilter	32	static
stm32l4xx_ll_tim.h:2973:22:LL_TIM_IC_SetPolarity	24	static
stm32l4xx_ll_tim.h:3177:22:LL_TIM_SetClockSource	16	static
stm32l4xx_ll_tim.h:3223:22:LL_TIM_SetTriggerOutput	16	static
stm32l4xx_ll_tim.h:3320:22:LL_TIM_DisableMasterSlaveMode	16	static
stm32l4xx_ll_gpio.h:986:22:LL_GPIO_ResetOutputPin	16	static
main.c:108:5:__io_putchar	24	static
main.c:115:5:_write	32	static
main.c:131:5:main	8	static
main.c:220:6:SystemClock_Config	8	static
main.c:271:13:MX_NVIC_Init	8	static
main.c:286:13:MX_ADC1_Init	48	static
main.c:339:13:MX_SPI1_Init	72	static
main.c:395:13:MX_TIM2_Init	56	static
main.c:448:13:MX_USART2_UART_Init	8	static
main.c:483:13:MX_GPIO_Init	32	static
main.c:524:6:HAL_UART_RxCpltCallback	16	static
main.c:531:7:Caculate_Flow_Func	64	static
main.c:554:7:Caculate_Volume_Func	16	static
main.c:564:6:Reset_Buffer	8	static
main.c:589:6:Clear_Buffer	8	static
main.c:604:6:Reset_All	8	static
main.c:618:6:send_data	32	static
main.c:716:6:Start_Measure_Func	8	static
main.c:737:6:Stop_Measure_Func	8	static
main.c:747:6:Error_Handler	4	static
