stm32l4xx_ll_tim.h:3058:26:LL_TIM_IC_GetCaptureCH1	16	static
stm32l4xx_ll_gpio.h:876:26:LL_GPIO_IsInputPinSet	16	static
stm32l4xx_it.c:82:6:NMI_Handler	4	static
stm32l4xx_it.c:95:6:HardFault_Handler	4	static
stm32l4xx_it.c:110:6:MemManage_Handler	4	static
stm32l4xx_it.c:125:6:BusFault_Handler	4	static
stm32l4xx_it.c:140:6:UsageFault_Handler	4	static
stm32l4xx_it.c:155:6:SVC_Handler	4	static
stm32l4xx_it.c:168:6:DebugMon_Handler	4	static
stm32l4xx_it.c:181:6:PendSV_Handler	4	static
stm32l4xx_it.c:194:6:SysTick_Handler	8	static
stm32l4xx_it.c:215:6:TIM2_IRQHandler	8	static
stm32l4xx_it.c:263:6:USART2_IRQHandler	8	static
